3113
A.B. Lane
AJ Kane
Aaron Eckhart
Aaron Izbicki
Aaron K Smalls
Aaron Michael Lacey
Abbe Muschallik
Abe Vigoda
Abraham Reyes
Ad Herman
Ada Nicodemou
Adam Brody
Adam Cole
Adam Forrester
Adam Goldberg
Adam Kalesperis
Adam Masnyk
Adam Rodness
Adam Shaw
Adam Wandt
Adelle Lutz
Adriana Caselotti
Adrienne D'Ambricourt
Adryn White
Adão Xalebaradã
Afemo Omilami
Affan Tareen
Agnieszka Grochowska
Aidan Bell
Aidan Daly
Aidan Feore
Aiden Condron
Al Bridge
Al Ernest Garcia
Al Hamacher
Al Harrington
Al Jolson
Al Lettieri
Al Marchesi
Al Martino
Al Mulock
Al Pacino
Al Roberts
Alan Arkin
Alan Frazier
Alan Howard
Alan Joyce
Alan Lee
Alan R. Kessler
Alberigo Donadeo
Albert Austin
Albert Tang
Alberto Morin
Aldo Berti
Aldo Giuffrè
Aldo Sambrell
Alec Baldwin
Alekxia Valdez
Alessandro Garcia
Alex Coleman
Alex Lombard
Alex Morris
Alex Rocco
Alex dos Santos
Alexander Cerqueira
Alexander Hathaway
Alexander Kane
Alexander Lu
Alexander Michael Helisek
Alexander Musgrove
Alexander Pollard
Alexander Zemeckis
Alexandre 'China' Tavares
Alexandre Rodrigues
Alexia Fairbrother
Alexis Arquette
Alfie Allen
Alfonso Freeman
Alfred Hitchcock
Alfredo Romeo Suarez
Ali Astin
Ali Badshah
Alice Bonifacio
Alice Braga
Alice Parkin
Alice Porter
Alisa Azpeitia
Alison O'Donnell
Alistair Browning
Alix Bushnell
Allan Kolman
Allan Poppleton
Allan Smith
Allen Keng
Allie Sallee
Allison Brennan
Allison Lane
Almira Sessions
Alonzo Brown
Alonzo F. Jones
Aloysius Gigl
Alyson Jones
Alyssa Brooke Levine
Alyssa Marie Stilwell
Amanda Boxer
Amanda Lynch
Amanda Plummer
America Ferrera
Amerigo Castrighella
Amerigo Tot
Amerjit Deu
Amit Shah
Amy Seimetz
Anastasia Deace
Anatoli Akerman
Andee Grace Burton
Anders Yates
Anderson Bourell
Anderson Bruno Marques
Anderson Faria
Anderson Lugão
Andi Carnick
Andi Osho
Andre B. Blake
Andrea Antonio Canal
Andrea Maugeri
Andres Austin Bennett
Andrew Aninsman
Andrew Bicknell
Andrew Borba
Andrew Breving
Andrew Constantini
Andrew Ellis
Andrew G. Ogleby
Andrew Hoagland
Andrew Hooper
Andrew Kevin Walker
Andrew Lepper
Andrew Lesnie
Andrew Masset
Andrew Munro
Andrew Pleavin
Andrew Scott
Andrew Scudiero
Andrew Stehlin
André Luiz Mendes
André Pires Martins
Andy Luther
Andy Serkis
Angela Ashton
Angela Franklin
Angela Jones
Angela Lomas
Angela Nathenson
Angela Pietropinto
Angela Thompson
Angelica Lisk-Hann
Angelis Alexandris
Angelo Infanti
Angelo Novi
Ani Sava
Anibal O. Lleras
Anisa Nyell Johnson
Anita Camargo
Anjelica Huston
Anna Diop
Anna Maguire
Anne Hathaway
Anne Heche
Anne-Marie Olsen
Annie Cook
Annie Pisapia
Anthony Alessandro
Anthony Anderson
Anthony Caso
Anthony Estrella
Anthony Gounaris
Anthony Gritsyuk
Anthony Heald
Anthony Hopkins
Anthony Levatino
Anthony Lowery
Anthony Michael Hall
Anthony Perkins
Anthony Polemeni
Anthony Powers
Anthony Ray Parker
Anthony Valentin
Anthony Vance Pierce
Antoni Guedes
Antonia Clarke
Antonio Casale
Antonio Casas
Antonio Contreras
Antonio Molino Rojo
Antonio Palombi
Antoñito Ruiz
António Rodrigues
April Warren
Arabella Neale
Archie Madekwe
Ardell Sheridan
Are Manea Karati
Argentina Brunetti
Aria Anthony
Aria Brooks
Arin Logan
Ariunchimeg Enkhsaikhan
Ariyon Bakare
Arlindo Lopes
Armen Garo
Arnet Amos
Aron Eastwood
Art Howard
Arthur Bremer
Arthur Dulac
Arthur Max
Arthur Stuart Hull
Arthur Tovey
Arthur Wilde
Asher Angel
Ashley Bratcher
Ashley Jensen
Ashley Mckoy
Ashley Shanea
Athena Rem
Attilio Dottesio
Audrey Landers
Audrie Neenan
Augie Davis
Aurore Clément
Austen Jewell
Autumn Munden
Ava Preston
Axel Darna
Aysanoa Runachagua
Babou Ceesay
Babu Santana
Bailey Beede
Bailey Drucker
Bailey Thain
Baron Jay
Barrie M. Osborne
Barry Norton
Barry Pepper
Barry Squitieri
Bart Hansard
Bartolomeu Braga
Bea Santos
Beatrice Rosen
Beau Starr
Begona F. Martin
Belinda McClory
Bella Altamura
Bella Fraker
Ben Barrington
Ben Britton
Ben Crowe
Ben Fransham
Ben Key
Ben Matthew Saunders
Ben Price
Ben Waddel
Benicio Del Toro
Benito Stefanelli
Benjamin 'Bendini' French
Benjamin Hardy
Benjamin Pitz
Benjamin Riley
Bennie Moore
Berlinda Tolbert
Bern Collaço
Bernard Hill
Bernard Ledger
Bernardo Santos
Bernie Grant
Bert Howard
Bert Moorhouse
Bert Williams
Beth Belden
Beth Willetts
Bethany DeZelle
Betsy Winslow
Betty Adams
Betty Blair
Beulah Bondi
Beverly Burke
Bhogwan Singh
Bill Armstrong
Bill Bolender
Bill Craddock
Bill Crawley
Bill Dalzell
Bill Gratton
Bill Ibrahim
Bill Irwin
Bill McKinney
Bill Miller
Bill R. Dean
Bill Roberson
Bill Young
Billy Bates
Billy Boyd
Billy Jackson
Billy L. Sullivan
Billy Nelson
Billy Silvia
Billy Smith
Billy Zane
Binyam 'Bichu' Tesfamarian
Blair Morton
Blayne Bennett
Bo Cleary
Bo Dietl
Bob Altman
Bob Blackwell
Bob Collins
Bob Elmore
Bob Golub
Bob Gunton
Bob Harks
Bob Hope
Bob Kaliebe
Bob Mack
Bob O'Connor
Bob Pennetta
Bob Penny
Bob Stephenson
Bobby Barber
Bobby Richardson
Bonnie Ann Burgess
Bonnie Hunt
Brad Blumenthal
Brad Dourif
Brad Pitt
Brad Spencer
Bradley Newcomer
Brandon Beach
Brandon Lambdin
Branko Dordevich
Brenda Hillhouse
Brendan Burke
Brendan Shanahan
Brent Briscoe
Brent Hinkley
Brent McIntyre
Bret Jones
Bret McKenzie
Brett Gelman
Brett Rice
Brian Brophy
Brian Delate
Brian Evers
Brian Haley
Brian Kaulback
Brian Libby
Brian Maynard
Brian Sergent
Brian Smyj
Brian Tochi
Brick Sullivan
Brittany Nicole
Brittini Schreiber
Brody Rose
Bronagh Gallagher
Bronagh Waugh
Bronson Webb
Brooke Smith
Brooks Benedict
Brooks Ryan
Brooksey Souders
Bruce Allen Dawson
Bruce Allpress
Bruce Holman
Bruce Hopkins
Bruce Lucvia
Bruce McGill
Bruce Mitchell
Bruce Phillips
Bruce Spence
Bruce Spielbauer
Bruce Willis
Bruno Corazzari
Bruno Kirby
Bruno Ricardo
Bryan Cranston
Bryan Hanna
Bryan Stamp
Bryan Whorton
Bryce Arden Poe
Bryn Davis
Buck Houghton
Buddy Dolan
Buddy Messinger
Buppha Witt
Burr Steers
Burt Richards
Buster Brodie
Buster Reeves
Buz Buckley
Buzz Kilman
Byron Minns
C. Neil Davenport
Caillou Pettis
Caitlin Mehner
Cali Sheldon
Callie Presniak
Callum Forman
Calum Gittins
Calvin Chen
Calvin Gadsden
Cameron Lemon
Cameron Rhodes
Campbell Rousselle
Carl 'Alfalfa' Switzer
Carl Allen
Carl Bressler
Carl Ciarfalio
Carl Deloro
Carl Eric Hansen
Carl Gilliard
Carl Kent
Carlos 'Lencinho' Smith
Carlos Henrique Avernas
Carmelo Russo
Carmen Argenziano
Carmine Caridi
Carmine Coppola
Carmine Foresta
Carol Been
Carol Coombs
Carol Meirelles
Carol Morley
Caroline Palmer
Carrie Beale
Carrie-Anne Moss
Carson Holmes
Carson MacCormac
Carson Manning
Casey Affleck
Casey Siemaszko
Cash Adams
Casper Andreas
Cassandra Ebner
Castulo Guerra
Cat Mueller
Cate Blanchett
Catherine Dyer
Catherine Scorsese
Cecil M. Henry
Cecil Reynolds
Cedric Stevens
Celeste Pechous
Chad Randau
Chance Kelly
Chandler Lindauer
Chanel Young
Chanté Bowser
Charles A. Black
Charles A. Tamburro
Charles Boswell
Charles Bronson
Charles C. Wilson
Charles Chaplin
Charles Day
Charles Halton
Charles Hammond
Charles Jarman
Charles Jarrell
Charles L. Campbell
Charles La Torre
Charles Lane
Charles Meakin
Charles Napier
Charles Orr
Charles Paraventi
Charles Pendelton
Charles Query
Charles Rogers
Charles S. Dutton
Charles Samuel
Charles Scorsese
Charles Sullivan
Charles Venn
Charles Williams
Charlie Dell
Charlie Kearns
Charlie Kierscht
Charlie Mayhew
Charline Su
Charlotte Worwood
Chazz Palminteri
Chelo Alonso
Chelsea Rae Barton
Chemika Bennett-Heath
Chester Conklin
Chiffonye Cobb
Chin Han
Chirame Shapra
Chloé Booyens
Chris Anastasio
Chris Cavalier
Chris Chinn
Chris D. Thomas
Chris Ecob
Chris Fischer
Chris Hastings
Chris Isaak
Chris McGinn
Chris Pattinson
Chris Petschler
Chris Reid
Chris Rogers
Chris Ryan
Chris Streeter
Chris Wilson
Christa Beth Campbell
Christian Bale
Christian Duurvoort
Christian Finlayson
Christian Rivers
Christian Wolf-La'Moy
Christiano
Christie Cronenweth
Christina Cabot
Christine Estabrook
Christine McCann
Christine Seabrook
Christopher Greenwood
Christopher Heyerdahl
Christopher James Hall
Christopher Joel Ives
Christopher John Fields
Christopher Jones
Christopher Lee
Christopher Lloyd
Christopher McQuarrie
Christopher Mintz-Plasse
Christopher Page
Christopher Pastenes
Christopher Serrone
Christopher Wagelin
Christopher Walken
Christy Qulliam
Chuck Aber
Chuck Brauchler
Chuck Hamilton
Chuck Laws
Chuck Low
Chuck Riley
Chuen Tsou
Cici Leah Campbell
Cie Allman
Cillian Murphy
Claire Geare
Claire Slemmer
Clancy Brown
Clara Rugaard
Clark Gregg
Claude Rains
Claudia Cardinale
Claudia Wells
Claudio Mancini
Claudio Scarchilli
Cleiton Ventura
Clem Caserta
Cliff Saunders
Clifford Gay
Clint Calvert
Clint Eastwood
Clint Elvy
Clinton Ulyatt
Clive Brunt
Cláudio César
Coley Campany
Colin Farrell
Colin McFarlane
Colin Smith
Collette Wolfe
Connor Scott Frank
Conor Donovan
Conrad Veidt
Conrad Yama
Conrado San Martín
Constance St-Denis-Veilleux
Constantine Romanoff
Cooper Andrews
Coralie Dedykere
Corey Johnson
Corinna Mura
Cornell Wallace
Corrado Gaipa
Cory Scott Allen
Courtney Denk
Courtney Gains
Craig Braginsky
Craig Castaldo
Craig Ferguson
Craig Heaney
Craig Henry
Craig McKinnon
Craig Parker
Craig Thomas Lambert
Craig Warnock
Cranston Johnson
Creighton Hale
Crispin Glover
Cristen Kauffman
Crofton Hardester
Crystal Lisbon
Crystal Ringer
Curt Bois
Curtis Gammage
Cy Schindell
Cy Slocum
Cyndy Day
Cynthia Ettinger
Cynthia Kaplan
D'Janine King-Lasky
D. Stanton Miranda
D.J. Cotrona
Dabbs Greer
Daisy Lowe
Dale Dye
Dale Rivera
Damir Andrei
Damião Firmino
Dan Butler
Dan Evashevski
Dan Gossen
Dan Hedaya
Dan Hennah
Dan Latham
Dan Seymour
Dan Skene
Dana Melanie
Dana Reznik
Dana Snyder
Dani Dyer
Dani Ornellas
Daniel Andrews
Daniel Beiser-Hunt
Daniel C. Striepeke
Daniel Cerqueira
Daniel D. Harris
Daniel F. Risteen Jr.
Daniel Falconer
Daniel Girondeaud
Daniel GonÇalves
Daniel J. Gillooly
Daniel Jefferson
Daniel P. Conte
Daniel Westwood
Daniel Zacapa
Daniel Zettel
Daniel von Bargen
Daniela Barbosa
Danielle Day
Danny Aiello
Danny Darst
Danny DeVito
Danny Dyer
Danny Goldring
Danny Mummert
Danté McCarthy
Darin De Paul
Darla
Darlan Cunha
Darrel Cherney
Darrell O'Cook
Darren Elliot Fulsher
Darren Lee Campbell
Darren W. Conrad
Darryl Wooten
Daryl Satcher
Dave Houma
Davey Hughes
David Ajala
David Albiero
David Andrews
David Aston
David Boston
David Brisbin
David Christo
David Conley
David Correia
David Cosey
David Dastmalchian
David E. Browning
David Early
David F. Sandberg
David Fischer
David Fultz
David Gatward Ferguson
David Gyasi
David Harold Brown
David Hecht
David J. MacNeil
David J. Muzzerall
David Jean Thomas
David Kohlsmith
David Lee Smith
David Lesley
David M Sandoval Jr.
David Meyers
David Morse
David O'Connor
David O'Hara
David Oyelowo
David Plunkett
David Powledge
David Proval
David Tennant
David Thomas Coulter
David Vegh
David Weatherley
David Wenham
David William James Elliott
David Wohl
Dawntavia Bullard
Deadra Moore
Dean Morganty
Dean R. Brooks
Debbee Hinchcliffe
Debbi Burns
Debi Mazar
Debi Wollitzer
Deborah Carlson
Deborah Harmon
Deborah Lynn
Deborah McTeer
Deborah Tennant
Declan Geraghty
Dee Croxton
Deirdre Fitzpatrick
Delano Valentim
Delos V. Smith Jr.
Demetri Goritsas
Denece Ryland
Deni Gordon
Denise Fonseca
Denise Gough
Denise Meyer Kennell
Dennis Baker
Dennis Farina
Dennis Lynch
Deobia Oparei
Derek Lea
Derek McEntire
Derrick T. Tuggle
Desiree April Connolly
Devan Richardson
Devito Parker Jr.
Dewey Robinson
Diane Baker
Diane Keaton
Diane Kimbrell
Dianne Smith
Dick Botiller
Dick Cavett
Dick Cherney
Dick Clark
Dick Elliott
Dick Gordon
Dick Stilwell
Diego Batista
Diego Ferreira
Diego Mendes
Dierdre Downing-Jackson
Diezel Ramos
Dileep Rao
Dina Smirnova
Dino Laudicina
Dino Mele
Dino Zamboni
Dion Anderson
Dion Baia
Djimon Hounsou
Dolan Wilson
Domingo Contreras
Dominic Chianese
Dominic Monaghan
Dominique DeVito
Dominique Jennings
Don Blakely
Don Brockett
Don Costello
Don Fischer
Don Galloway
Don Kress
Don Langley
Don Langridge
Don McManus
Don Pravda
Don Ross
Donald Fullilove
Donald K. Overstreet
Donald Zinn
Donna Reed
Donna Wong
Donovan Leitch Jr.
Dooley Wilson
Dora Tate
Dorothy Anne Bonner
Dorothy Grumbar
Dorothy Lyman
Dorothy Silver
Doug Ballard
Doug Hutchison
Douglas Bunn
Douglas Crosby
Douglas Reith
Douglas Silva
Dra McKay
Drew Stanley
Duane Whitaker
Duffy Gaver
Duke Nicholson
Dustin Ybarra
Dwight Marfield
Dwight Sora
Dylan A. Fox
Dylan Bruno
E.G. Marshall
Earl Cameron
Ed Agresti
Ed Begley
Ed Cuffe
Ed Davis
Ed Deacy
Ed Money
Ed Vantura
Edd Osmond
Eddie Baker
Eddie Fetherston
Eddie Hargitay
Eddie Kane
Eddie McAuliffe
Edison Chen
Edna Garcia
Edrie Warner
Edson Montenegro
Edson Oliveira
Eduardo 'BR' Piranha
Edward Binns
Edward Boggiss
Edward Burns
Edward Clark
Edward D. Murphy
Edward Hayes
Edward Keane
Edward Kimball
Edward Kowalczyk
Edward LeSaint
Edward McDonald
Edward Norton
Edward Saxon
Edward Van Sickle
Effie Laird
Eion Bailey
Elaine Kagan
Elda Maida
Eleanor Ham
Eleanor Witt
Elena Zacharia
Eli Martyr
Eli Wallach
Elijah Wood
Elisa Schleef
Elisabeth Moss
Elizabeth Berrington
Elizabeth Dings
Elizabeth Everett
Elizabeth Hanks
Elizabeth Moody
Elizabeth Omilami
Elizabeth Thorp
Elizabeth Whitcraft
Ella Augustin
Elle Fanning
Ellen Burstyn
Ellen Corby
Ellen Page
Ellie Fransch
Ellinor Vanderveer
Ellsworth Hanna
Elsa Raven
Elvis Presley
Elyes Gabel
Emerson Gomes
Emil Sitka
Emily Carey
Emily Lineham
Emily Nixon
Emily Tebbutt
Emily Wagner
Emma Deakin
Emma Elle Roberts
Emma Tillinger Koskoff
Emmett Wagner
Endre Hules
Enrico Morsella
Enrique Acosta
Enrique Santiago
Enzo Petito
Enzo Santaniello
Erasmus C. Alfano
Eric Alan Wendell
Eric Bruno Borgman
Eric Clark
Eric Loren
Eric Mendenhall
Eric Roberts
Eric Stoltz
Eric Underwood
Erica Yohn
Erich Redman
Erick Hayden
Erick Oliveira
Erik Hellman
Ernest Pierce
Ernie Adams
Errol Francis
Erron Jay
Essa Zahir
Ethan Hawke
Ethan Pugiotto
Ethel Sway
Euclides Garcia
Eugene Borden
Eugene C. DePasquale
Eugenie Bondurant
Eva Green
Evan Alex
Evan Marsh
Evan Mirand
Evanne Drucker
Eve Brent
Evelyn Moriarty
Ezio Flagello
Ezra Buzzington
F. Murray Abraham
Fabiano Altamura
Fabiano Gonçalves
Fabio Testi
Fabrice Calmels
Faithe Herman
Fay Genens
Fay Spain
Felipe Nogueira
Felipe Paulino
Felipe Porto
Felipe Villela Mendonça
Felix Scott
Filomena Spagnuolo
Finley Hobbins
Fiona Johnson
Fletcher Allen
Flora Nolan
Florence Lee
Fortunato Arena
Fran McGee
Frances Lee McCain
Francesca De Sapio
Francesca Leone
Francesca Scorsese
Francis De Sales
Francis Mountjoy
Francis P. Hughes
Francis X. McCarthy
Francisco Marcos
Franco Citti
Franco Corsaro
Franco Tocci
Frank Adonis
Frank Albanese
Frank Albertson
Frank Aquilino
Frank Arnold
Frank Bourke
Frank Braña
Frank Cassini
Frank DiLeo
Frank Edwards
Frank Faylen
Frank Fenton
Frank Geyer
Frank Goldingham
Frank Hagney
Frank Huseyin
Frank Killmond
Frank Leslie
Frank Mallicoat
Frank Mancuso
Frank Mazzola
Frank Medrano
Frank Moran
Frank O'Connor
Frank Pellegrino
Frank Puglia
Frank Schorpion
Frank Seals Jr.
Frank Sivero
Frank Stellato
Frank Vincent
Frank Whaley
Frank Wolff
Frankie Faison
Franklin Parker
François-Marie Nivon
Frazer Anderson
Fred Astaire
Fred Bobbitt
Fred Culbertson
Fred Farrell
Fred Malatesta
Fred Scheiwiller
Fred Tatasciore
Frederico Lins
Freia M. Titland
Fábio 'Dog' da Cunha
Fábio Castor Conceição
G.D. Spradlin
G.W. Bailey
Gabriel Byrne
Gabriele Ferzetti
Gabriele Torrei
Gabriella Belloni
Gaetano Lisi
Gaetano LoGiudice
Gage Lawson
Gail Yudain
Gareth Jensen
Gareth Reeves
Garry Owen
Garry Pastore
Garth Shaw
Garvin Cross
Gary Goetzman
Gary Imhoff
Gary Jones
Gary Kurtz
Gary Lee Davis
Gary Oldman
Gary Riley
Gary Robinson
Gary Ryder
Gary Sefton
Gary Shorelle
Gary Sinise
Gastone Moschin
Gayle Lewis
Gene Borkan
Gene Canfield
Gene Fojtik
Gene Lythgow
Geoff Allen
Geoffrey Blake
Geoffrey Steele
George 'Buck' Flower
George 'Red' Schwartz
George A. Romero
George Christy
George Dee
George DiCenzo
George Dockstader
George Eldredge
George Gerard
George Gjiggy Francis
George Holmes
George J. Lewis
George Jovanovic
George Kelly
George M. Carleton
George Maguire
George Meeker
George Michael
George Noisom
George Simmons
George Sorel
George Voskovec
George Wallace
Georges Renavent
Georgie Nokes
Georgie-May Tearle
Gerald Ford
Gerald Oliver Smith
Gerard Butler
Gerard Jamroz
Gero Camilo
Gertrude Mosley
Gian-Carlo Coppola
Giancarlo Esposito
Gianni Russo
Gideon Emery
Gil Bellows
Gil Torres
Gilbert Glenn Brown
Gina Mastrogiacomo
Gina Mattia
Gina Scoles
Ginger Rogers
Gino Acevedo
Gino Corrado
Giovanni Ivan Scratuglia
Giovanni Ribisi
Giuseppe Sillato
Glendon Rich
Glenn Wrage
Gloria DeHaven
Gloria Delson
Gloria Foster
Gloria Franks
Gloria Grahame
Glyn Angell
Gordon Greene
Govinda
Gower Mills
Grace Fulton
Grace Sinden
Grady Bowman
Graham Greene
Grahame Edwards
Grahame Wood
Grant Roa
Granville 'Danny' Young
Granville Redmond
Gray Frederickson
Graziella Moretto
Greg 'Danger' Morrison
Greg Beam
Greg Bronson
Greg Canestrari
Greg Lane
Greg Peterson
Greg Schweiner
Greg Tozer
Gregory Fennell
Gregory Gaye
Gregory Golubeff
Gregory Silva
Griff Furst
Griffen Fraser
Guilherme Estevam
Guilherme William
Gurdeep Singh
Gustaf Hammarsten
Gustavo Engrácia
Guti Fraga
Guy Iannacone
Gwyneth Paltrow
Gökhan Öncel
H. Clay Dear
H.B. Warner
Haley Joel Osment
Hallie D'Amore
Hank Mann
Hank Robinson
Hanna Hall
Hannah Bamberg
Hannah Banks
Hannah Connery
Hannah Gunn
Hannah Stokely
Hannah Wood
Hanneke Talbot
Hans Heinrich von Twardowski
Hans Moebus
Harlem Teixeira
Harold E. Cope Jr.
Harold G. Herthum
Harold Landon
Harper Flaherty
Harper Gunn
Harris Savides
Harrison Ressler
Harrison White
Harrison Young
Harry Ayers
Harry Cheshire
Harry Dean Stanton
Harry Denny
Harry Holman
Harry Lawrence
Harry Myers
Harry Northup
Harry Sinclair
Harry Taylor
Harry Waters Jr.
Harry Wilson
Harve Presnell
Harvey Keitel
Hawthorne James
Hazel Gorin
Heath Ledger
Heather Capuano
Heather Rome
Heidi Schanz
Heinie Conklin
Helen Dickson
Helen Wallace
Helena Bonham Carter
Helena Cullinan
Helene Maksoud
Helmut Dantine
Henny Youngman
Henrihs Ahmadejevs
Henry Bergman
Henry Fonda
Henry Kwan
Henry Laun
Henry Milton Chu
Henry Mortensen
Henry Rowland
Henry Travers
Henry Yuk
Herbert Evans
Herbert Heywood
Hercules Mendez
Herschel Graham
Hilary Chaplain
Holly Battaglia
Holt McCallany
Hope Leigh
Howard Shore
Huey Lewis
Hugh O'Brien
Hugh Peddy
Hugo Lavoie
Hugo Weaving
Humphrey Bogart
Hélène Cardona
Ian Chen
Ian Holm
Ian Hughes
Ian Matthews
Ian McKellen
Ian Mune
Ian Pirie
Ian Porter
Ignazio Pappalardo
Ilan O'Driscoll
Ilka Grüning
Illeana Douglas
Iman Mirbioki
Ines Feghouli Bozon
Ingrid Bergman
Ione M. Telech
Iran Singh
Irene Mack
Irving Welzer
Isaac Tillman
Isabel Rose
Isiah Whitlock Jr.
Italia Coppola
Ivan Martins
Ivonne Coll
Ivy Bethune
J. Farrell MacDonald
J.C. MacKenzie
J.C. Nugent
J.D. Evermore
J.J. Cohen
J.R. Martino
J.T. Pontino
JD
Jack Alexander
Jack Bailey
Jack Berle
Jack Bowden
Jack Cheatham
Jack Donoghue
Jack Dylan Grazer
Jack Elam
Jack Gilroy
Jack Gordon
Jack Klugman
Jack Lomas
Jack Low
Jack McCullough
Jack Montague
Jack Murray
Jack Nicholson
Jack Shearer
Jack Sutherland
Jack Warden
Jack Wise
Jackie Monahan
Jackie Taylor Jr.
Jackson Kai
Jackson Reid
Jacob Dance
Jacob Evans
Jacob Lemieux
Jacqueline Lovell
Jacques Lory
Jacques Vanaire
Jager
Jaime H. Campos
Jaime Lawrence
James B. Howard
James Babson
James Badge Dale
James Burns
James C. Morton
James Caan
James Cobb
James Cromwell
James Deeth
James Donnelly
James Embree
James Ent
James Farruggio
James Fierro
James Gounaris
James Innes-Smith
James Kelly
James Kisicki
James Marshall Wolchok
James Mellor
James Michael Farrell
James Murdock
James P. Anderson
James Quattrochi
James Scales
James Sheldon
James Sie
James Stewart
James Thomas Scott
James Tolkan
James V. Shore
James Warfield
James Waterhouse-Brown
James Whitmore
Jamie Abbott
Jamie De Roy
Jamiel Hasson
Jan Seybold
Jana Posna
Janaya Pender
Jane Abbott
Janet Leigh
Janis Corsair
January Stern
Jared Bankens
Jared Leto
Jared Lotz
Jared Sawyer Jr.
Jared Stovall
Jarl Benzon
Jarret LeMaster
Jasmine Bolton
Jason Clarke
Jason Davis
Jason Fitch
Jason Frederick
Jason Fuller
Jason Hervey
Jason Hewitt
Jason Hood
Jason Marin
Jason McGuire
Jason Menz
Jason Robards
Jason Shillingford
Jason Tendell
Jawara
Jay Baruchel
Jay Giannone
Jay Rasumny
Jay Ross
Jean Acker
Jean De Briac
Jean Del Val
Jean Gale
Jean Harlow
Jean-Christophe Leger
Jean-Michel Dagory
Jeanette Branch
Jeanette Nolan
Jeanine Ann Roose
Jeanne Carpenter
Jeanne Hanna
Jeannie Linero
Jed Brophy
Jed Gillin
Jefechander Suplino
Jeff Albertson
Jeff Hephner
Jeff Kingsford-Brown
Jeff O'Haco
Jeff Sanca
Jeffrey Corazzini
Jeffrey DeMunn
Jeffrey Kimble
Jeffrey Mowery
Jeffrey Rollins
Jeffrey Winner
Jeffrey Winter
Jeffrie Lane
Jennie Ella
Jennifer Knox
Jennifer Sears
Jeremy Ball
Jeremy Daniel Madden
Jeremy Davies
Jeremy Sciascia
Jeremy Shane
Jerome Patrick Hoban
Jerry Vale
Jesse Bond
Jesse Kirtzman
Jessica Barker-Wren
Jessica Bean
Jessica Chastain
Jessica Doyle
Jessica Miesel
Jessica Rubinstein
Jessica Sherman
Jessie Vinning
Jesús Guzmán
Jesús Porras
Jeté Laurence
Jewels Good
Jhaleil Swaby
Jill Brown
Jill Jane Clements
Jill Maddrell
Jill Senter
Jillian Rees-Brown
Jim Boeke
Jim Damron
Jim Dratfield
Jim Evans
Jim Ford
Jim Jenkins
Jim Keller
Jim Pagiamtzis
Jim Roche
Jim Templar
Jimmy Dale Hartsell
Jimmy Hawkins
Jimmy Star
Jimmy the Crow
Jo Osmond
Jo Surgison
Joakim Skarli
Joanna Bennett
Jodie Foster
Jodiviah Stepp
Joe Abby
Joe Alaskey
Joe De Nicola
Joe Gioco
Joe Knopp
Joe Lavender
Joe Lo Grippo
Joe Pantoliano
Joe Pecoraro
Joe Pesci
Joe Petrullo
Joe Spinell
Joe Stefanelli
Joe Van Meter
Joe Washington
Joel Bissonnette
Joel Blake
Joel Calendrillo
Joel Michaely
Joel Tobeck
Joel Wasserman
Joerg Stadler
Joey Thurmond
John 'Cha Cha' Ciarcia
John Anderson
John Aprea
John Bach
John Barnett
John Bartha
John C. McGinley
John Cassini
John Cazale
John Ceallach
John Cenatiempo
John Collier
John Connally
John D. Craig
John Di Benedetto
John E. Summers
John F. Kennedy
John Farrer
John Fiedler
John Franchi
John Frederick
John Gallagher Jr.
John Gavin
John Gillespie
John Glenn Harding
John Glover
John Hall
John Horton
John Hoving
John Indrisano
John Lawson
John Leigh
John Lennon
John Lima
John Lithgow
John Locke
John Manca
John Marley
John Martino
John McConnell
John McCook
John McIntire
John Megna
John Noble
John Peña Griswold
John Polce
John Qualen
John R. Woodward
John Ralston
John Rand
John Randall
John Rhys-Davies
John Rue
John Santin
John Savoca
John Sharian
John Snowden
John Stead
John Stephenson
John Thurner
John Travolta
John Turk
John Voldstad
John W. Iwanonkiw
John Walters
John Warman
John Wayland Somers
John William Galt
John Worsham
John Wraight
John de Lancie
John-Michael Steele
Johnathan Geare
Johnathan Gorman
Johnny Cicco
Johnny Green
Johnny Naranjo
Johnny Vaughan
Johnny Williams
Jon Horstman
Jon Lee Brody
Jonah Hill
Jonas Michel
Jonathan Clifford
Jonathan Haagensen
Jonathan Harding
Jonathan Jordan
Jonathan Macchi
Jonathan Ryland
Jonelle Gunderson
Jono Manks
Joon Kim
Jordan Puckett
Jordan Stephens
Jordan Stone
Jordon Hodges
Jorge Espadas
Josef Davies
Joseph Arkley
Joseph Bono
Joseph Bradley
Joseph D'Onofrio
Joseph DeVillard
Joseph Della Sorte
Joseph E. Bernard
Joseph Gatt
Joseph Gordon-Levitt
Joseph Granby
Joseph Herrick
Joseph Lazicki
Joseph Luis Caballero
Joseph Macnab
Joseph Mazurk
Joseph Medaglia
Joseph Mika-Hunt
Joseph Nelson
Joseph Oliveira
Joseph P. Reidy
Joseph Pierre
Joseph Pilato
Joseph Ragno
Joseph Riccobene
Joseph Sweeney
Joseph Zamparelli
Josh Broder
Josh Chapman
Josh Stewart
Joshua Harto
Joshua Rollins
Josip Elic
José Terrón
Jota Farias
Jovan Armand
Joy Johnson Coleman
Joy Page
Joy Thayer
Joyce Gordon
João Costa Menezes
João Soares
Juan Singleton
Juana Sutton
Jude Ciccolella
Judith Woodbury
Judy Herrera
Julia Emelin
Julia Sweeney
Julian Arahanga
Julian Flynn
Julian Kershaw
Julian Spencer
Julian Voloshin
Julie Araskog
Julie Eagleton
Julie Garfield
Julie Gregg
Julie Wilkinson
Julio Martínez Piernavieja
Justin Mullins
Justin Rupple
Jéssica da Silva
Jørn Benzon
Júlio César Siqueira
K. Todd Freeman
K.G. Skip Weiss
Kaiser Johnson
Kameron Kierce
Kamil Lemieszewski
Kara Hayward
Karen Maruyama
Karen Petrasek
Karina Falcão
Karl Urban
Karlos Drinkwater
Karolyn Grimes
Karyn Jansen
Kasi Lemmons
Kate Bentley
Kate Castle
Kate Forbes
Kate O'Rourke
Katelyn Leavenworth
Katherine Britton
Katherine Wallach
Kathleen Beller
Kathleen Byron
Kathleen Tawney
Kathleen Wilce
Kathryn Janssen
Kathy Griffin
Katie Jackson
Katie O'Dell
Kay Koury
Kay Lee
Keanu Reeves
Keenan Wynn
Keisha T. Fraser
Keith Kupferer
Keith Lomas
Keith Szarabajka
Kelley Kerr Young
Kelli Clevenger
Kelly Corbishley
Kelly Lee
Kelly Saindon
Ken Bahn
Ken Byrd
Ken Daly
Ken Kenny
Ken Koc
Ken Magee
Ken Mohabir
Ken Stratton
Ken Watanabe
Kendall Ryan Sanders
Kenneth Bevington
Kenneth G. Yong
Kenneth Stoddard
Kenneth Utt
Keri-Anne Bilotta
Kerri Kamara
Kester Fordham
Kevan Weber
Kevin Corrigan
Kevin Davis
Kevin Iannucci
Kevin Mangan
Kevin P. McCarthy
Kevin Patrick Murphy
Kevin Pitcairn
Kevin Pollak
Kevin Scott Mack
Kevin Seal
Kevin Spacey
Kevin Zaideman
Kieron Elliott
Kiko Marques
Kim Allen
Kimberly Shires
Kirk Ward
Kit Carson
Kit Harington
Kitty K. Green
Kraig Thornber
Kris Vallotton
Krista McEnany
Kristen Dalton
Kristen Wiig
Kristian Van der Heyden
Krystal Kiran
Kurt Russell
KyLynn Sanders
Kyle Crawford
Laine Edwards
Laird Macintosh
Lal Chand Mehra
Lamont Arnold
Lan Fendors
Lance Fabian Kemp
Lance Louez
Landon Doak
Lane Chandler
Lani Jackson
Lanny Lutz
Larry Brandenburg
Larry Guardino
Larry Mitchell
Larry Rew
Larry Silvestri
Larry Simms
Larry Wheat
Lars Classington
Lars Eidinger
Lateef Lovejoy
Laura Chernicky
Laura Hunt
Laura Lovelace
Laura Lyons
Laura Vivio
Lauren Jenkins
Lauren Modiano
Lauren Roselli
Lauren Sanchez
Laurence Fishburne
Lavender
Lawrence A. Bonney
Lawrence Bender
Lawrence Cameron Steele
Lawrence Makoare
Lawrence Sacco
Lawrence T. Wrentz
Lawrence Woodward
Lazarus Jackson
Lea Thompson
Leah Cairns
Leah R. Powell
Leandra Miranda
Leandro Dias Batista
Leandro Firmino
Leandro Gonçalves
Leandro Lima
Leandro Lucas
Leandro Omuri
Lee Aaron Rosen
Lee Brownfield
Lee Eaton
Lee Frederick
Lee Hartley
Lee J. Cobb
Lee Kass
Lee Strasberg
Lee Van Cleef
Leib Lensky
Leila McIntyre
Leiz Moreira
Leland Orser
Lena Georgas
Lennie Loftin
Lenny Herb
Lenny Montana
Leo
Leo Generoso
Leo Mostovoy
Leo Stransky
Leo White
Leon Belasco
Leonard Termo
Leonardo DiCaprio
Leonardo Melo
Leonid Kinskey
Leopoldo Trieste
Lester Sharpe
Letecia Reeder
Leticia LaBelle
Lew Davis
Lexie Bigham
Lexston Bearss
Lezl Gonzales
Liam Bewley
Libby Pedersen
Lila Rose
Lillian O'Malley
Lillian Randolph
Lina Zalewski
Linda Carola
Linda E. Smith
Linda Gray
Linda Kaye
Lindsey Moser
Linzee Barclay
Lionel Barrymore
Lionel Stander
Lisa Bostnar
Lisa Codrington
Lisa Dapolito
Lisa Freeman
Lisa Greene
Lisa Haas
Lisa McAllister
Lisa Reynolds
Lisa Truong
Lisa Wolf
Liv Tyler
Livio Andronico
Livio Giorgi
Livio Lorenzon
Liz Hewson
Liz Merton
Lloyd Ingraham
Lloyd L. Tolbert
LoNardo
Loclann Aiken
Logan Livingston Gomez
Lon Gowan
London Kim
Lonnie Hamilton
Lorea Solabarrieta
Lorelei Leslie
Lorenzo Robledo
Lori Dungey
Lori Pizzo
Lorna Gayle
Lorraine Bracco
Lorre Fritchy
Lotta Losten
Lotte Palfi Andor
Lou Beatty Jr.
Lou Lou Safran
Lou Marcelle
Lou Martini Jr.
Louis Eppolito
Louis Guss
Louis Lombardi
Louis Mercier
Louis Natheaux
Louis Ortiz
Louis Perez
Louis V. Arco
Louisa Moritz
Louise Fletcher
Lovina Yavari
Luana Strode
Lucas Lavoie
Luciana Roque
Lucie Carroll
Lucius Baston
Lucky Harmon
Lucy DeVito
Ludwig Stössel
Luigi Ciavarro
Luigi Magnani
Luigi Pistilli
Luis Carlos Oliveira
Luis Carlos Rodrigues Oliveira
Luis Fernández de Eribe
Luis Otávio
Luiz Carlos Ribeiro Seixas
Lukas Haas
Luke Burnyeat
Luke Gallo
Luke Quinton
Luke Walter
Lulu Benamor
Lupita Nyong'o
Lurene Tuttle
Luís Nascimento
Lyman Chen
Lynden Berryman
Lyndon Johnson
Lynette Jenkins
Lynn O'Leary-Jameson
Lúcio Andrey
Mac Steinmeier
Mack Miles
Mackenzie Foy
Mackenzie Hawe
Maclean Burke
Maddison Blows
Madeleine Lebeau
Madison Curry
Maggie Gyllenhaal
Magnus Nolan
Maia Brewton
Maisy McLeod-Riera
Malerie Grady
Mana Hira Davis
Manny Alfaro
Manuel Lopez
Manuel Machado
Manuel París
Manuel Rodriguez-Saenz
Marc Aden Gray
Marc Alan Austen
Marc Cass
Marc Cinquanta
Marc Esse
Marc McClure
Marc Raducci
Marc Radz
Marcel Dalio
Marcello 'Máscara' Alves
Marcello Costa
Marcello Melo Jr.
Marcelo António Santos
Marcelo Araújo
Marcelo Melo
Marcio Rosario
Marcio Vinicios
Marco Zuanelli
Marcos 'Kikito' Junqueira
Marcos Coutinho
Marcos Viana
Marcus Batton
Marcus Chong
Marcus Everett
Marcus Thorne
Marcy Conway
Margaret Oliver
Margaret Smith
Margaux Guerard
Margo Moorer
Margo Winkler
Margot Kistler
Marguerite Gioia Insolia
Maria Carta
Maria Herrera
Maria Skorobogatov
Maria de Medeiros
Marian Carr
Marianna Hill
Marianne Leone
Marie Cooper
Marie Michaels
Marilù Carteny
Marina Mandonça Pinheiro
Mario Brega
Mario Cotone
Mario Di Donato
Marion Cotillard
Marisol Giraud
Maritza Cabrera
Marius De Vries
Marjo Nantel
Mark A. Rich
Mark Boone Junior
Mark Evan Jacobs
Mark Falvo
Mark Ferguson
Mark Fite
Mark Fleischmann
Mark Hemphill
Mark Keiser
Mark Matheisen
Mark Philip Patrick
Mark Phillips
Mark Reader
Mark Rendall
Mark Roberts
Mark Rolston
Mark Stobbart
Mark Strong
Mark Wahlberg
Markus Alexander
Markus Napier
Markus Redmond
Marla Sucharetza
Marlena Smalls
Marlon Brando
Marlon Sanders
Marta Martí
Marta Milans
Martin Ballantyne
Martin Balsam
Martin Beaton
Martin Feigen
Martin Garralaga
Martin Hub
Martin McDougall
Martin Roach
Martin Serene
Martin Sheen
Marton Csokas
Martyn Sanderson
Mary Bayless
Mary Ellen Trainor
Mary Klug
Mary Montoya
Mary Sheila
Mary Treen
Mason Pike
Matheus Nachtergaele
Matt Appleton
Matt Cho
Matt Cinquanta
Matt Damon
Matt Doran
Matt Jennings
Matt Rebenkoff
Matt Rippy
Matt Shallenberger
Matt Truman
Matt Wallace
Matt Winston
Matthew Binkley
Matthew Castle
Matthew Cox
Matthew David McCarthy
Matthew Leitch
Matthew McConaughey
Matthew O'Neill
Matthew Saville
Matthew Sharp
Matthew T. Gitkin
Matthew Vlahakis
Matthew W. Allen
Maura Corsini
Maurice Brierre
Maurício Figueiras
Maverick Fortin
Max Brandt
Max Gill
Max Linder
Max Martini
Max Wagner
Maxwell Highsmith
McKenzie Applegate
Meade 'Lux' Lewis
Meagan Good
Meat Loaf
Megan Edwards
Mehari 'Bibi' Tesfamarian
Mel Lambert
Melanie Wilder
Melie Chang
Melinda McGraw
Melissa Barton Ryan
Melissa Prophet
Merril E. Joels
Mews Small
Micael
Michael 'Big Smooth' Frazier
Michael Andrew Gorman
Michael Arturo
Michael August
Michael Barron
Michael Berryman
Michael Buffer
Michael Burgess
Michael Butcher
Michael Byron
Michael Caine
Michael Calandrino
Michael Chapin
Michael Citriniti
Michael Clarke Duncan
Michael Coady
Michael Conner Humphreys
Michael Corey Foster
Michael Elsworth
Michael Flannery
Michael Fowler
Michael G. Plumides Jr.
Michael Garvey
Michael Gaston
Michael Gilden
Michael Girardin
Michael H. Cole
Michael Harvey
Michael Hyland Cole
Michael Imperioli
Michael J. Fox
Michael Jace
Michael Jai White
Michael Jeter
Michael Keaton
Michael Kemmerling
Michael Kuster
Michael Lawrence
Michael Lightsey
Michael Mantas
Michael Mark
Michael Massee
Michael Mattison
Michael McFall
Michael McKay
Michael P. Jahoda
Michael Page
Michael Reid MacKay
Michael Rose
Michael Semanick
Michael Shamus Wiles
Michael Sherwin
Michael Stoyanov
Michael Towns
Michael V. Gazzo
Michael Vieau
Michael Xavier
Michael Zagst
Michaelangelo Graziano
Michel Gomes
Michele Garren
Michele Gonçalves
Michelle Borth
Michelle Clunie
Michelle Evans
Michelle Shields
Mick O'Rourke
Mickey Lewis
Miguel Muñoz Segura
Mike Bach
Mike Bennett
Mike Contessa
Mike Di Stasio
Mike Duncan
Mike Hinkle
Mike Jolly
Mike Lally
Mike Lindell
Mike Morelli
Mike Nyman
Mike Schaeffer
Mike Starr
Mike Stearne
Mike Tellegen
Mike Whyte
Mikey Black
Millie Brady
Milton Gowman
Milton Kibbee
Milton Saul
Mimi Sarkisian
Ming Ho Kum
Mira McKinney
Miranda Nolan
Miranda Otto
Miranda Plant
Miranda Rivers
Misha Rasaiah
Mitra Suri
Mobin Khan
Molly Shannon
Monica Peña
Monique Gabriela Curnen
Monte Blue
Monty O'Grady
Monya Andre
Morgan Brown
Morgan Freeman
Morgan Hunter
Morgan Lund
Morgan Mackey
Morgana King
Moroni Olsen
Mort Mills
Mrs. Pope
Murdock MacQuarrie
Mwako Cumbuka
Mykelti Williamson
Márcio Costa
Mário Luiz Costa Oliveira
Nadej K. Bailey
Nadine Kay
Nadine Roden
Najah Bradley
Najah Jackson
Nancy Cassaro
Nancy Crane
Naomi Frenette
Napiera Groves
Nash Edgerton
Natalia Safran
Natalie Goldwin
Natalie Hallam
Natalie Hendrix
Natalie Tjen
Nataliia Shadrina
Natasha Beaumont
Nathan Fillion
Nathan Gamble
Nathan George
Nathan Harrington
Nathan Lambert
Nathaniel Lees
Nazzareno Natale
Ndongo Faye
Ned Bellamy
Ned Vaughn
Neil Armstrong
Neil Finnighan
Neil Giuntoli
Neil Morrill
Neil Riddaway
Neil Summers
Nellie Sciutto
Nelson Amaral
Nestor Carbonell
Netta Packer
Nicholas Logan
Nick A Fisher
Nick Bartlett
Nick Brooks
Nick Discenza
Nick Searcy
Nick Shaid
Nick Stevens
Nick Stojanovic
Nick Vallelonga
Nicky Katt
Nico Parker
Nicolas Clerc
Nicolas Quilter
Nicole Burdette
Nicole Huynh
Nicole Pulliam
Nigel Carrington
Nigel Eaton
Nigel Harbach
Nigel Lowe
Nigel Whitmey
Nikki Admire
Nina Lauren
Nina Muschallik
Nino Bellini
Nino Ruggeri
Nneka Elliott
Noel Appleby
Noelle Lynn
Noelle Sheldon
Nolan Cook
Noof McEwan
Noomi Rapace
Nooroa Poa
Nora Dunfee
Nora Prinzen-Klages
Norm Bacchiocchi
Norma Varden
Norman Ainsley
Norman Alden
Norman Barbera
Norman Cates
Norman Forsey
Norman Saleet
Nydia Rodriguez Terracina
O.K. Ford
Obba Babatundé
Obssa Ahmed
Olaf Hytten
Oldokh Ganbold
Olive Gray
Oliver Blake
Oliver Martin
Olivia Araújo
Olivia Tennet
Olumiji Olawumi
Omar 'Mazinho' Barcelos
Oreste Baldini
Orlando Bloom
Osmani Rodriguez
Otgonchimeg Chuluunzorig
Otto Amorim
Owen Black
Owen Masterson
Paddy Curran
Paddy Waters
Paloma Nuñez
Pamala Tyson
Pamela Matthews
Paolo Figlia
Paolo Stoppa
Paris Devaney
Paris Howe Strewe
Paris Karounos
Paschal Friel
Pat Castle
Pat Flaherty
Pat Harmon
Pat McCaffrie
Pat McNamara
Patricia Clarkson
Patricia Hitchcock
Patrick Clear
Patrick Coppola
Patrick Leahy
Paul B. Brown
Paul Bartel
Paul Bateman
Paul Birchard
Paul Blackwell
Paul Braunstein
Paul Bryson
Paul Calderon
Paul Carafotes
Paul Dillon
Paul Eckstein
Paul Garcia
Paul Giamatti
Paul Goddard
Paul Hanson
Paul Henreid
Paul Herman
Paul Hickey
Paul Holmes
Paul Irving
Paul Jasmin
Paul Kennedy
Paul Lazar
Paul McCrane
Paul McGillicuddy
Paul McIsaac
Paul Mougey
Paul Norell
Paul Panzer
Paul Porcasi
Paul Raczkowski
Paul Riddell
Paul Sacks
Paul Shapcott
Paul Sorvino
Paul Woodadge
Paula DeMers
Paula Kcira
Paula Malcomson
Paulette Goddard
Paulie DiCocco
Paulo 'Jacaré' César
Paulo Lins
Pearl Ho
Peg Holzemer
Pek Pongpaet
Perla Middleton
Pete Auster
Pete Postlethwaite
Pete Smith
Peter Bannon
Peter Basham
Peter Brocco
Peter Brooke
Peter Brookes
Peter Cicale
Peter Corrigan
Peter Crafts
Peter Crombie
Peter Daube
Peter DeFaria
Peter Diego
Peter Dobson
Peter Donat
Peter Fain
Peter Greene
Peter Hock
Peter Iacangelo
Peter Jackson
Peter Jae
Peter LaCorte
Peter Lemongello
Peter Lorre
Peter Lyon
Peter McKenzie
Peter Miles
Peter Onorati
Peter Rnic
Peter Rocca
Peter Soares
Peter Tait
Peter Welch
Phellipe Haagensen
Phil Feldman
Phil Grieve
Phil Hawn
Phil LaMarr
Phil Zimmerman
Philip Bulcock
Philip Centanni
Philip Morris
Philip Rosch
Philip Roth
Philip Suriano
Philips Nortey
Phillip Spencer Harris
Phillipe Simon
Phoebe Gittins
Pierre dos Santos
Piripi Waretini
Priscilla Montgomery
Prudence Beers
Quentin Tarantino
R. Lee Ermey
R. Michael Egan
Rachel Bagley
Rachel Boyd
Rachel Clentworth
Rachel Daugherty
Rachel Flanagan
Rachel Singer
Rada Rassimov
Rae Jordan
Rae Olivier
Rafael Fontenele
Rafael Trujillo
Rafael de Castro
Rafael de Souza
Raffaella Leone
Raffaello Degruttola
Ragevan Vasan
Rai Tasco
Ralph Johnson
Ralph Regine
Ramon Francisco
Ramses Jimenez
Rana Morrison
Randall William Cook
Randy Feelgood
Randy Jurgensen
Raphaël Laporte
Ray Erlenborn
Ray Henwood
Ray Liotta
Ray Trickitt
Ray Walker
Ray Winstone
Raymond Martino
Razmig Arabian
Read Morgan
Rebecca Hall
Rebecca Klingler
Rebecca Love
Rebecca Saxon
Rebecca Williams
Rebecka Andersson
Reese Foster
Reg E. Cathey
Renan Monteiro
Renato Pinciroli
Renato de Souza
Rene Beard
Renee Blaine
Rhoda Griffis
Rhys Kirkman
Ria Zmitrowicz
Ricardo Lira
Ricardo Palacios
Ricardo Rocha da Silva
Rich Scholes
Rich Turner
Richard Alagich
Richard Alexander
Richard Bright
Richard Conte
Richard D'Alessandro
Richard Dillane
Richard Dioguardi
Richard Divizio
Richard Doone
Richard Edge
Richard Fass
Richard Garaghty
Richard Goteri
Richard Hughes
Richard James-Clarke
Richard Knowles
Richard L. Duran
Richard Leeming
Richard Matheson
Richard Maybery
Richard Mullally
Richard Nixon
Richard Patrick
Richard Portnow
Richard Price
Richard Rossi
Richard Roundtree
Richard Ryen
Richard S. Castellano
Richard Schiff
Richard Strobel
Richard Taylor
Richard Watson
Richmond Arquette
Rick Petrucelli
Rick Porras
Riley Brophy
Rita Hayworth
Rita McDonald Damper
Ritchie Coster
Rob Adams
Rob Clark
Rob Freeman
Rob Heanley
Rob Landry
Rob Lanza
Rob Reider
Robb Skyler
Robbie Magasiva
Robbie Titchener
Robbie Vinton
Robby Robinson
Robert 'Toshi' Kar Yuen Chan
Robert Catto
Robert Dahdah
Robert De Niro
Robert DeLapp
Robert Duvall
Robert F. Kennedy
Robert Graves
Robert Grondski
Robert Haley
Robert Harvey
Robert Hossein
Robert J. Anderson
Robert Krantz
Robert Malone
Robert McCaskill
Robert Myers
Robert Osborne
Robert Parrish
Robert Patrick Stern
Robert Pollock
Robert Ruth
Robert Sedona
Robert Simper
Robert Spafford
Robert Stone
Robert Taylor
Robert Thomason
Robert W. Castle
Robert Wahlberg
Robert Webber
Robert Young
Roberta Rodrigues
Roberto Miguez
Robia Scott
Robin Atkin Downes
Robin DeMarco
Robin Wright
Robson Rocha
Robyn Malcolm
Rodney Bane
Rodney Cook
Roger Corman
Roger Monk
Rohn Thomas
Rolf Saxon
Roman Coppola
Romano Puppo
Román Ariznavarreta
Ron Blair
Ron Dean
Ron Gilbert
Ron Kerkmeester
Ron Newell
Ron Vawter
Ron Veto
Ronald Longridge
Ronald Maccone
Ronald Reagan
Ronan Summers
Ronnie Ralph
Rory Plante
Rosangela Rodrigues
Rosanna Arquette
Roshan Seth
Rosie Akerman
Ross Butler
Ross Duncan
Rowan Beiser-Hunt
Rowan Witt
Royd Tolkien
Ruairi O'Connor
Rubens Sabino
Ruby Gaynor
Rudy Bond
Russ Fega
Russ Isles
Russ Powell
Russ Wilson
Russell Halley
Ruth Garcia
Ruy Vitório
Ryan Carey
Ryan Dinning
Ryan Duncan
Ryan Handley
Ryan Hannaford
Ryan Hayward
Ryan Hurst
Ryan Irving
Ryan Kross
Ryan McGonagle
Ryan Valmont
Ryan Wiseman
Rómulo 'Guinomo' Sech
S.Z. Sakall
Sabine Crossen
Sabrina Rosa
Sacha Lee
Sachi Parker
Sadwyn Brophy
Sal Ozbay
Sal Richards
Sala Baker
Sallie Toussaint
Sally Field
Salvatore Basile
Salvatore Corsitto
Salvatore Po
Sam Anderson
Sam Ash
Sam Comery
Sam Derence
Sam Ellis
Sam Flint
Sam Kelly
Sam La Hood
Sam Rockwell
Sam Scudder
Sammy Stein
Samual Tate
Samuel E. Shore
Samuel L. Jackson
Samuel S. Hinds
Sandra Ellis Lafferty
Sandra Salvatori
Sandro Kopp
Sandro Scarchilli
Sandy Martin
Sara Ritz
Sarah Bennani
Sarah Edwards
Sarah Fearon
Sarah Hernandez
Sarah Jayne Dunn
Sarah McLeod
Sarah Reinhardt
Sarah Sayuri Hare
Sarah Thomas
Saro Urzì
Sasha Frolova
Saturno Cerra
Saul Zaentz
Saveria Mazzola
Scatman Crothers
Scotch Ellis Loring
Scott B. Morgan
Scott Ganyo
Scott Glenn
Scott Haney
Scott Mann
Scott Oliver
Scott Pretty
Scotty Leavenworth
Seamus McQuade
Sean Astin
Sean Bean
Sean Button
Sean Freeland
Sean Hynes
Sebastian J. Brook
Semi Kuresa
Seong-hwan Jo
Sergii Shadrin
Sergio Kato
Sergio Mendizábal
Seu Jorge
Seve Esposito
Shahadi Wright Joseph
Shana Carr
Shane Biseell
Shane Dawson
Shane Grove
Shane Hagan
Shane Jackson
Shane Johnson
Shane Rangi
Shaneel Sidal
Shann Johnson
Shannon Welles
Shannon Wilcox
Shanti Roney
Sharlene Grover
Sharon Litwinoff
Sharon Maxwell
Sharon Rooney
Shawn Fogarty
Shawn Michael Perry
Shawn Stewart
Shay Duffin
Shayna Ryan
Sheila Cavalette
Sheldon Leonard
Shelley Lang
Shep Houghton
Shirin Caiola
Shunsaku Kudô
Shô Kosugi
Sid Troy
Sierra D Jones
Silvana Bacci
Silvie Laguna
Simon Connolly
Simon Northwood
Simon Oakland
Simon Pelletier-Gilbert
Simone Kiffany Jenkins
Simonetta Santaniello
Simonetta Stefanelli
Siobhan Fallon Hogan
Siosa Fonua
Smadar Hanson
Sofia Abbasi
Sofia Coppola
Sofiya Smirnova
Sol Murgi
Sonia Maria Chirila
Sonny Grosso
Sonny Shroyer
Sope Aluko
Sophia Hinshelwood
Spartaco Conversi
Spencer Bradley
Spencer Chan
Stacey Alyse Cohen
Stacey Bradshaw
Stanhope Wheatcroft
Stanley Andrews
Stanley Blystone
Stefano Imparato
Stella Chestnut
Stella Keitel
Stephan Grothgar
Stephane Cornicard
Stephanie Hoyte
Stephanie Irwin
Stephannie Hawkins
Stephen Alexander
Stephen Armourae
Stephen Baldwin
Stephen Boxer
Stephen Bridgewater
Stephen Hibbert
Stephen Samson
Stephen Ure
Sterling Hayden
Steve Baker
Steve Blum
Steve Buscemi
Steve DeRelian
Steve Dodd
Steve Flynn
Steve Forleo
Steve Griffin
Steve Healey
Steve Lord
Steve Newburn
Steve Reinsfield
Steve Scarfo
Steve Wyatt
Steven Dutton
Steven Griffith
Stream
Stu Johnson
Stuart Blumberg
Stuart Daly
Stuart Rudin
Stuart Whelan
Suan-Li Ong
Summer Moore
Susan Griffiths
Susan Varon
Susan Williams
Susan Ziegler
Suzanne Ridgway
Suzanne Shepherd
Suzi Stingl
Suzy Amis
Sy Sher
Sydney 'Big Dawg' Colston
Sydney Greenstreet
Sydney Lassick
Sérgio Bispo
Sérgio Chapelin
T.S. Alexander
Tabitha Tao
Tack Daniel
Taea Hartwell
Tai-Li Lee
Takumi Bando
Talia Shire
Talulah Riley
Tamara Brown
Tamara Luz Ronchese
Taraji P. Henson
Taylor Geare
Taylor Murphy
Ted Danson
Ted Hollis
Ted Knight
Ted Levine
Ted Markland
Ted Monte
Ted Oliver
Tegra Little
Tere Livrano
Teresa Denton
Teresa Tirelli
Terry Serpico
Tex Cooper
The Hallelujah Singers of Beaufort South Carolina
Thiago Martins
Thiago Wallace
Thom Gossom Jr.
Thomas B. Duffy
Thomas E. Camuti
Thomas Elliott
Thomas F. Wilson
Thomas Gaitsch
Thomas Gizbert
Thomas Hartmann
Thomas Hewson
Thomas Kosik
Thomas Lowry
Thomas Mark Higgins
Thomas McGinty
Thomas Mitchell
Thomas Robins
Thomas Williamson
Thorbjørn Harr
Tiffany Salerno
Tilo Keiner
Tim Davis
Tim DeZarn
Tim Glanfield
Tim Heidecker
Tim Ingall
Tim Kano
Tim Kelleher
Tim Krueger
Tim McLachlan
Tim Perry
Tim Robbins
Tim Roth
Tim Smith
Tim Southgate
Tim Ware
Tim Wong
Timothy Bartlett
Timothy Carr
Timothy D. Montjoy
Timothy Lee
Timothy McNeil
Timothy Patrick
Timothy Record
Timothée Chalamet
Tin Welch
Tina Simmons
Tina Toner
Tinnie Tong
Tiny Sandford
Tiny Ward
Tito Alba
Tobin Bell
Todd Karns
Todd Peirce
Todd Rippon
Todd Terry
Todd Thompson
Tohoru Masamune
Tom Berenger
Tom Chatterton
Tom Coleman
Tom Dab
Tom Dahlgren
Tom Dempsey
Tom Fadden
Tom Falzone
Tom Gaskin
Tom Gorman
Tom Hanks
Tom Hardy
Tom Kemp
Tom McCall
Tom McComas
Tom McElroy
Tom Olson
Tom Robertson
Tom Rosqui
Tom Seekings
Tom Sizemore
Tom Tangen
Tom Townsend
Tom Willett
Tommy 'Tiny' Lister
Tommy Barnes
Tommy Bartlett
Tommy Campbell
Tommy Dallace
Tommy Lafitte
Tommy Thomas
Tonic
Tony Conforti
Tony Darrow
Tony Di Mitri
Tony Domino
Tony Ellis
Tony Giorgio
Tony King
Tony Lip
Tony M. Yee
Tony Martelli
Tony Pope
Tony Sirico
Tony Stabenau
Topher Grace
Torben Meyer
Tosh Robertson
Toy Spears
Tracey Brennan
Tracey Paleo
Tracey Walter
Tracy L. Aldaz
Trevor Bennett
Trey Ore
Tristan Maxted
Tristan Tait
Tristan Whincup
Troy Christian
Troy Donahue
Troy Fyhn
Troy Powell
Trude Berliner
Trudi Goodman
Tudor Sherrard
Tullio Palmieri
Tulé Peak
Tweed Michael Manning
Tybee Brascia
Tyler Long
Tyrone R. Livingston
USC Trojan Marching Band
Uhraney Adrian
Uma Thurman
Umberto Morsella
Ursula Holliday
Usman Akram
V.J. Foster
Valentine
Valerie Bickford
Valerie Colgan
Van Epperson
Van Quattro
Vanessa Roth
Vaughn Taylor
Venancia Grangerard
Venessia Valentino
Vera Farmiga
Vera Miles
Veriano Ginesi
Vic Clay
Victor Alexander
Victor Burke
Victor Chan
Victor Colicchio
Victor Pujols Faneyte
Victor Rendina
Victor Romito
Victor Warren
Victoria Beynon-Cole
Victoria Coburn
Viggo Mortensen
Viktorija Faith
Vin Diesel
Vincent Andriano
Vincent Bivona
Vincent Coppola
Vincent Gallo
Vincent Pastore
Vincent Riotta
Vincent Roxburgh
Vincent Schiavelli
Vincent Ventresca
Vincent Walsh
Vincenzo Nicoli
Ving Rhames
Vinicius Faria
Violet Gaynor
Violetta Pioro
Virgile Bramly
Virginia Cherrill
Virginia Coronado
Virginia Gregg
Virginia Patton
Vito Antuofermo
Vito Balsamo
Vito D'Ambrosio
Vito Picone
Vito Scotti
Vivek Shah
Vivian Oparah
Vladimir Jon Cubrt
Víctor Israel
W. Benson Terry
W.C. Robinson
Wagner Mello
Wai Wong
Waldeck Roque
Wallace Araújo
Wallace Nascimento
Wally West
Walter Bacon
Walter James
Walter Lewis
Walter Stocker
Walter Y.F. Wong
Wanderson 'Petão' Lopes
Ward Bond
Warren Green
Wayne Baker
Wayne Phillips
Wayne Ward
Welker White
Wellington Costa Ricardo
Wemerson Gonçalves
Wendel Barros
Wendie Jo Sperber
Wes Bentley
Wes Hall
Wes McGee
Wilbur Fitzgerald
Wilbur Mack
Wilfred Lucas
Will Hare
Will Jones
Will Rowlands
Will Sampson
Will Zahrn
William Bowers
William Conroy
William Davidson
William Devane
William Dickinson
William Duell
William Edmunds
William Fichtner
William Johnson
William Lee
William Marsh
William Patrick Brown
William Redfield
William Sadler
William Severs
William Shipman
William Smillie
Willie Keeler
Winham Hammond
Winifred Harris
Winston Duke
Winston Ellis
Wolfgang Zilzer
Woody Strode
Wyn Ritchie Evans
Xander Forterie
Yahya Abdul-Mateen II
Youlanda Davis
Yuji Okumoto
Yuri Krushewsky
Zach Grenier
Zach Hanner
Zachary Christopher Fay
Zachary Levi
Zachary Pauliks
Zak Holland
Zander James
Zee Asha
Zelda Rosset Colon
Zenaida Alcalde
Zhuang Zedong
Zlatko Buric
Zo Hartley
Zolzaya Batmunkh
Zoë Scott
Éder Júlio Martins
Ólafur Darri Ólafsson
