688
AJ Kane
Aaron Izbicki
Aaron K Smalls
Aaron Michael Lacey
Abbe Muschallik
Adam Forrester
Adam Goldberg
Adam Masnyk
Adam Shaw
Afemo Omilami
Aidan Bell
Aidan Daly
Aiden Condron
Al Hamacher
Al Harrington
Alan Howard
Alan Joyce
Alec Baldwin
Alex Morris
Alexander Zemeckis
Alfredo Romeo Suarez
Ali Astin
Alistair Browning
Alonzo Brown
Aloysius Gigl
Alyssa Marie Stilwell
Amanda Boxer
Amanda Lynch
America Ferrera
Andrea Antonio Canal
Andrew Aninsman
Andrew Breving
Andrew Lepper
Andrew Lesnie
Andrew Masset
Andrew Scott
Andy Serkis
Angela Lomas
Angelis Alexandris
Anjelica Huston
Anna Maguire
Anne Heche
Annie Cook
Anthony Anderson
Anthony Estrella
Anthony Vance Pierce
Aria Brooks
Arin Logan
Armen Garo
Arthur Bremer
Ashley Jensen
Ashley Shanea
Audrey Landers
Audrie Neenan
Aurore Clément
Babou Ceesay
Barry Pepper
Bart Hansard
Bella Fraker
Ben Key
Ben Waddel
Bernard Hill
Bethany DeZelle
Bill Gratton
Bill Roberson
Billy Boyd
Billy Jackson
Billy Silvia
Billy Smith
Bo Cleary
Bob Harks
Bob Hope
Bob Penny
Bobby Richardson
Bonnie Ann Burgess
Brad Dourif
Bradley Newcomer
Brendan Burke
Brendan Shanahan
Bret McKenzie
Brett Rice
Brian Haley
Brian Maynard
Brian Smyj
Brittany Nicole
Brody Rose
Bronagh Waugh
Bruce Hopkins
Bruce Lucvia
Bruce McGill
Bruce Phillips
Bruce Spence
Bryan Cranston
Bryan Hanna
Buddy Dolan
Byron Minns
Caitlin Mehner
Calvin Gadsden
Carson Holmes
Cate Blanchett
Catherine Dyer
Cecil M. Henry
Chance Kelly
Chanel Young
Chanté Bowser
Charles A. Black
Charles Boswell
Charles Orr
Chiffonye Cobb
Chris Cavalier
Chris Chinn
Chris Fischer
Chris Hastings
Christa Beth Campbell
Christian Finlayson
Christian Rivers
Christine Seabrook
Christopher James Hall
Christopher Jones
Christopher Lee
Christopher Lloyd
Christopher Mintz-Plasse
Chuck Laws
Clifford Gay
Clint Calvert
Clint Elvy
Coley Campany
Conor Donovan
Corey Johnson
Cory Scott Allen
Craig Castaldo
Craig Ferguson
Craig Parker
Cranston Johnson
Crofton Hardester
Crystal Lisbon
Curtis Gammage
Dale Dye
Daniel C. Striepeke
Daniel Cerqueira
Daniel F. Risteen Jr.
Daniel J. Gillooly
Danny DeVito
Danté McCarthy
Darrell O'Cook
Darren W. Conrad
Darryl Wooten
David Aston
David Boston
David Brisbin
David Conley
David Fischer
David O'Hara
David Plunkett
David Tennant
David Vegh
David Wenham
David Wohl
Dawntavia Bullard
Deadra Moore
Dean R. Brooks
Deborah Carlson
Deborah McTeer
Declan Geraghty
Deirdre Fitzpatrick
Delos V. Smith Jr.
Demetri Goritsas
Denece Ryland
Denise Gough
Dennis Farina
Dennis Lynch
Derek Lea
Desiree April Connolly
Devito Parker Jr.
Dick Cavett
Dick Clark
Dick Stilwell
Dion Baia
Dolan Wilson
Dominic Monaghan
Don Fischer
Don Pravda
Donald K. Overstreet
Donna Wong
Dorothy Grumbar
Dorothy Lyman
Douglas Crosby
Dwight Marfield
Dylan A. Fox
Dylan Bruno
Ed Cuffe
Ed Davis
Edward Burns
Elijah Wood
Elizabeth Dings
Elizabeth Hanks
Elizabeth Omilami
Elizabeth Thorp
Ellsworth Hanna
Elvis Presley
Emily Carey
Emma Deakin
Emma Tillinger Koskoff
Eric Alan Wendell
Eric Bruno Borgman
Eric Loren
Eric Mendenhall
Eric Underwood
Erich Redman
F. Murray Abraham
Fay Genens
Francesca Scorsese
Francis P. Hughes
Frank Geyer
Frank Huseyin
Frank Mallicoat
Frank Mancuso
Fred Bobbitt
Gage Lawson
Gail Yudain
Gary Robinson
Gary Sefton
Gary Sinise
Geoffrey Blake
George Kelly
George Wallace
Gerald Ford
Gerard Butler
Gideon Emery
Gilbert Glenn Brown
Gino Acevedo
Giovanni Ribisi
Glenn Wrage
Grady Bowman
Grahame Wood
Griff Furst
Gurdeep Singh
Haley Joel Osment
Hallie D'Amore
Hanna Hall
Harold G. Herthum
Harrison Young
Harry Sinclair
Harve Presnell
Henry Kwan
Henry Laun
Henry Mortensen
Henry Yuk
Hilary Chaplain
Hope Leigh
Howard Shore
Hugo Weaving
Ian Holm
Ian Hughes
Ian McKellen
Ian Porter
Ione M. Telech
Isaac Tillman
Isabel Rose
J.C. MacKenzie
J.D. Evermore
Jack Bowden
Jack McCullough
Jack Montague
Jack Nicholson
Jacob Evans
Jacqueline Lovell
James Badge Dale
James Burns
James Embree
James Ent
James Innes-Smith
James Michael Farrell
James P. Anderson
James Sie
James V. Shore
Jane Abbott
Jared Bankens
Jared Sawyer Jr.
Jarl Benzon
Jasmine Bolton
Jason Davis
Jason Fitch
Jason McGuire
Jay Baruchel
Jay Giannone
Jay Ross
Jeanette Branch
Jeanne Hanna
Jed Brophy
Jed Gillin
Jeffrey Corazzini
Jeffrey Kimble
Jeffrey Winner
Jeffrey Winter
Jennifer Sears
Jeremy Daniel Madden
Jeremy Davies
Jessica Miesel
Jill Brown
Jill Jane Clements
Jim Boeke
Jim Damron
Jim Evans
Jim Ford
Jim Keller
Joe Abby
Joe Alaskey
Joe Stefanelli
Joe Washington
Joel Tobeck
Joerg Stadler
Joey Thurmond
John Bach
John Barnett
John Cenatiempo
John Collier
John Connally
John F. Kennedy
John Farrer
John Franchi
John Gallagher Jr.
John Glenn Harding
John Lennon
John McConnell
John Noble
John Polce
John Randall
John Rhys-Davies
John Rue
John Sharian
John Stephenson
John Voldstad
John Walters
John Wayland Somers
John William Galt
John Worsham
John de Lancie
John-Michael Steele
Johnny Cicco
Jon Horstman
Jonah Hill
Joseph Mika-Hunt
Joseph Oliveira
Joseph P. Reidy
Joseph Riccobene
Joseph Zamparelli
Josip Elic
Joy Johnson Coleman
João Costa Menezes
Juan Singleton
Julia Emelin
Julian Spencer
Justin Rupple
Jørn Benzon
Kameron Kierce
Karl Urban
Kate Forbes
Kathleen Byron
Katie Jackson
Kay Lee
Ken Kenny
Kendall Ryan Sanders
Kenneth Bevington
Kenneth G. Yong
Kenneth Stoddard
Keri-Anne Bilotta
Kevin Corrigan
Kevin Davis
Kevin Iannucci
Kevin Mangan
Kevin P. McCarthy
Kevin Patrick Murphy
Kieron Elliott
Kimberly Shires
Kirk Ward
Kit Harington
Kitty K. Green
Kristen Dalton
Kristen Wiig
Kurt Russell
Kyle Crawford
Laird Macintosh
Lan Fendors
Larry Mitchell
Lauren Jenkins
Lawrence Cameron Steele
Lawrence Makoare
Lazarus Jackson
Lee Aaron Rosen
Lee Hartley
Leland Orser
Lenny Herb
Leo Stransky
Leonardo DiCaprio
Letecia Reeder
Lexston Bearss
Lina Zalewski
Lindsey Moser
Liv Tyler
Loclann Aiken
Logan Livingston Gomez
London Kim
Lonnie Hamilton
Lorre Fritchy
Louisa Moritz
Louise Fletcher
Lucie Carroll
Lucius Baston
Luke Burnyeat
Lyman Chen
Lyndon Johnson
Mac Steinmeier
Mackenzie Hawe
Maclean Burke
Maisy McLeod-Riera
Malerie Grady
Marc Cass
Marcus Batton
Marcy Conway
Margo Moorer
Mark A. Rich
Mark Falvo
Mark Hemphill
Mark Matheisen
Mark Philip Patrick
Mark Phillips
Mark Rolston
Mark Wahlberg
Markus Alexander
Markus Napier
Marla Sucharetza
Marlena Smalls
Martin Beaton
Martin Feigen
Martin Hub
Martin McDougall
Martin Sheen
Marton Csokas
Mary Ellen Trainor
Mary Klug
Mason Pike
Matt Damon
Matt Rebenkoff
Matt Wallace
Matthew Sharp
Max Martini
Maxwell Highsmith
McKenzie Applegate
Mel Lambert
Mews Small
Michael Berryman
Michael Burgess
Michael Byron
Michael Conner Humphreys
Michael Elsworth
Michael Flannery
Michael G. Plumides Jr.
Michael Garvey
Michael H. Cole
Michael Hyland Cole
Michael Jace
Michael Kemmerling
Michael Mantas
Michael Mattison
Michael McFall
Michael P. Jahoda
Michael Rose
Michael Semanick
Michele Garren
Michelle Evans
Mick O'Rourke
Mike Di Stasio
Mike Hinkle
Mike Jolly
Milton Saul
Mimi Sarkisian
Ming Ho Kum
Miranda Otto
Morgan Brown
Morgan Mackey
Mwako Cumbuka
Mykelti Williamson
Nadej K. Bailey
Najah Jackson
Natalie Hendrix
Nathan Fillion
Nathan George
Ned Vaughn
Neil Armstrong
Neil Finnighan
Nellie Sciutto
Nicholas Logan
Nick Brooks
Nick Searcy
Nicolas Quilter
Nigel Whitmey
Nina Muschallik
Noel Appleby
Nolan Cook
Nora Dunfee
Oliver Martin
Orlando Bloom
Osmani Rodriguez
Paddy Curran
Paris Karounos
Paschal Friel
Patrick Coppola
Paul Garcia
Paul Giamatti
Paul Hickey
Paul McGillicuddy
Paul Norell
Paul Raczkowski
Paul Sacks
Paul Woodadge
Paula DeMers
Paulie DiCocco
Peg Holzemer
Perla Middleton
Pete Auster
Pete Smith
Peter Bannon
Peter Brocco
Peter Crafts
Peter Dobson
Peter Jackson
Peter Jae
Peter Miles
Peter Tait
Peter Welch
Phil Grieve
Philip Roth
Rachel Bagley
Rae Jordan
Rae Olivier
Raffaello Degruttola
Ralph Regine
Ray Winstone
Razmig Arabian
Rebecca Love
Rebecca Williams
Rhoda Griffis
Richard D'Alessandro
Richard Edge
Richard Hughes
Richard Nixon
Richard Taylor
Rick Porras
Rob Adams
Rob Freeman
Rob Landry
Robb Skyler
Robert 'Toshi' Kar Yuen Chan
Robert Catto
Robert F. Kennedy
Robert Harvey
Robert Myers
Robert Pollock
Robert Wahlberg
Robin Atkin Downes
Robin Wright
Rolf Saxon
Ronald Longridge
Ronald Reagan
Ross Duncan
Royd Tolkien
Russ Isles
Russ Wilson
Ryan Dinning
Ryan Duncan
Ryan Hurst
Sadwyn Brophy
Sala Baker
Sallie Toussaint
Sally Field
Sam Anderson
Sam Ellis
Sam Rockwell
Sam Scudder
Sandra Ellis Lafferty
Sandro Kopp
Sarah Fearon
Sarah McLeod
Saul Zaentz
Scatman Crothers
Scott Oliver
Seamus McQuade
Sean Astin
Sean Bean
Sean Freeland
Sebastian J. Brook
Shana Carr
Shane Biseell
Shane Hagan
Shane Jackson
Shane Johnson
Shane Rangi
Shann Johnson
Shawn Fogarty
Shawn Michael Perry
Shay Duffin
Sierra D Jones
Simone Kiffany Jenkins
Siobhan Fallon Hogan
Sonny Shroyer
Sope Aluko
Stephan Grothgar
Stephane Cornicard
Stephen Bridgewater
Stephen Ure
Steve DeRelian
Steve Flynn
Steve Griffin
Steve Lord
Steve Scarfo
Steven Dutton
Steven Griffith
Stream
Susan Williams
Sydney Lassick
Takumi Bando
Taraji P. Henson
Taylor Murphy
Ted Danson
Ted Markland
Teresa Denton
Terry Serpico
The Hallelujah Singers of Beaufort South Carolina
Thomas B. Duffy
Thomas Elliott
Thomas Gizbert
Thomas Mark Higgins
Thomas Robins
Tiffany Salerno
Tilo Keiner
Tim Perry
Tim Ware
Timothy Carr
Timothy D. Montjoy
Timothy McNeil
Timothy Record
Tin Welch
Todd Rippon
Tom Hanks
Tom Kemp
Tom McCall
Tom Olson
Tom Sizemore
Tony M. Yee
Tracey Brennan
Tracey Paleo
Troy Christian
Trudi Goodman
Tweed Michael Manning
Tyler Long
USC Trojan Marching Band
Valentine
Valerie Colgan
Vanessa Roth
Vera Farmiga
Vic Clay
Victor Burke
Victor Chan
Victor Warren
Viggo Mortensen
Vin Diesel
Vincent Bivona
Vincent Schiavelli
Vincent Ventresca
Vincent Walsh
W. Benson Terry
Walter Y.F. Wong
Wes Bentley
Wes McGee
Wilbur Fitzgerald
Will Sampson
William Duell
William Lee
William Marsh
William Redfield
William Severs
William Shipman
Zach Hanner
Zachary Pauliks
Zhuang Zedong
Zo Hartley
Ólafur Darri Ólafsson
