632
Aaron Eckhart
Abe Vigoda
Adam Kalesperis
Adam Wandt
Aidan Feore
Al Jolson
Al Lettieri
Al Marchesi
Al Martino
Al Pacino
Albert Tang
Alex Rocco
Alexander Hathaway
Alexander Lu
Alexander Michael Helisek
Alexis Arquette
Alisa Azpeitia
Alison O'Donnell
Alyson Jones
Alyssa Brooke Levine
Amanda Plummer
Amit Shah
Amy Seimetz
Andrew Bicknell
Andrew Borba
Andrew Scudiero
Andy Luther
Angela Jones
Angela Pietropinto
Angelo Infanti
Ani Sava
Anibal O. Lleras
Anne Hathaway
Anthony Alessandro
Anthony Caso
Anthony Gounaris
Anthony Michael Hall
Anthony Polemeni
Anthony Powers
Anthony Valentin
Ardell Sheridan
Ariyon Bakare
Bailey Thain
Barry Squitieri
Beatrice Rosen
Beau Starr
Benicio Del Toro
Benjamin Hardy
Benjamin Pitz
Berlinda Tolbert
Bert Williams
Bill Armstrong
Bill Ibrahim
Bill Irwin
Billy Bates
Billy L. Sullivan
Blayne Bennett
Bo Dietl
Bob Altman
Bob Elmore
Bob Golub
Bob Kaliebe
Bob Pennetta
Brad Blumenthal
Brandon Lambdin
Brenda Hillhouse
Bronagh Gallagher
Bronson Webb
Brooke Smith
Bruce Allen Dawson
Bruce Spielbauer
Bruce Willis
Bryan Stamp
Burr Steers
Burt Richards
Buster Reeves
Carl Allen
Carl Bressler
Carmine Coppola
Carol Morley
Casey Affleck
Castulo Guerra
Catherine Scorsese
Chandler Lindauer
Charles Jarman
Charles Pendelton
Charles Query
Charles Scorsese
Charles Venn
Charlie Kierscht
Chazz Palminteri
Chin Han
Chris Anastasio
Chris D. Thomas
Chris Hastings
Chris Petschler
Chris Wilson
Christian Bale
Christine Estabrook
Christopher McQuarrie
Christopher Pastenes
Christopher Serrone
Christopher Walken
Chuck Low
Chuck Riley
Chuen Tsou
Cici Leah Campbell
Cie Allman
Cillian Murphy
Clark Gregg
Clem Caserta
Colin McFarlane
Collette Wolfe
Conrad Yama
Constance St-Denis-Veilleux
Corrado Gaipa
Craig Braginsky
Craig Heaney
Dale Rivera
Dan Evashevski
Dan Gossen
Dan Hedaya
Dan Latham
Daniel Jefferson
Daniel P. Conte
Daniela Barbosa
Danielle Day
Danny Goldring
Darren Elliot Fulsher
Daryl Satcher
David Ajala
David Cosey
David Dastmalchian
David Fultz
David Gyasi
David Lesley
David Oyelowo
David Powledge
David William James Elliott
Debbee Hinchcliffe
Debbi Burns
Debi Mazar
Debi Wollitzer
Deborah Lynn
Denise Meyer Kennell
Derek McEntire
Devan Richardson
Diane Keaton
Diane Kimbrell
Dino Laudicina
Dominique DeVito
Don Blakely
Don Costello
Don Kress
Donovan Leitch Jr.
Doug Ballard
Douglas Bunn
Drew Stanley
Duane Whitaker
Dwight Sora
Ed Deacy
Ed Vantura
Edison Chen
Edward D. Murphy
Edward Hayes
Edward McDonald
Elaine Kagan
Elisa Schleef
Elizabeth Whitcraft
Ellen Burstyn
Elyes Gabel
Emil Sitka
Emily Lineham
Erasmus C. Alfano
Eric Clark
Eric Roberts
Eric Stoltz
Erik Hellman
Ernest Pierce
Erron Jay
Essa Zahir
Fabrice Calmels
Filomena Spagnuolo
Flora Nolan
Fran McGee
Francis X. McCarthy
Franco Citti
Frank Adonis
Frank Albanese
Frank Aquilino
Frank Cassini
Frank DiLeo
Frank Medrano
Frank Pellegrino
Frank Schorpion
Frank Sivero
Frank Stellato
Frank Vincent
Frank Whaley
G.W. Bailey
Gabriel Byrne
Gabriele Torrei
Gaetano Lisi
Gaetano LoGiudice
Garry Pastore
Gary Oldman
Gary Ryder
Gary Shorelle
Gayle Lewis
Gene Canfield
Gene Fojtik
Gene Lythgow
George Gerard
Gerard Jamroz
Gertrude Mosley
Gian-Carlo Coppola
Giancarlo Esposito
Gianni Russo
Gina Mastrogiacomo
Gina Mattia
Glendon Rich
Grace Sinden
Grahame Edwards
Gray Frederickson
Greg Beam
Greg Peterson
Greg Schweiner
Griffen Fraser
H. Clay Dear
Hannah Gunn
Harvey Keitel
Heath Ledger
Helene Maksoud
Henny Youngman
Henry Milton Chu
Hugo Lavoie
Ian Pirie
Illeana Douglas
Ines Feghouli Bozon
Irving Welzer
Isiah Whitlock Jr.
Italia Coppola
J.R. Martino
JD
Jack Shearer
Jacob Lemieux
Jager
Jaime H. Campos
James Caan
James Farruggio
James Fierro
James Mellor
James Quattrochi
James Scales
James Warfield
Jamie De Roy
Jan Seybold
Janis Corsair
January Stern
Jason Clarke
Jason Frederick
Jason Fuller
Jeannie Linero
Jeff Albertson
Jeff Hephner
Jeffrey Rollins
Jennifer Knox
Jerome Patrick Hoban
Jerry Vale
Jesse Kirtzman
Jessica Chastain
Jessica Doyle
Jeté Laurence
Jill Senter
Jim Templar
Jimmy Star
Joanna Bennett
Joe Gioco
Joe Lo Grippo
Joe Pesci
Joe Petrullo
Joe Spinell
Joel Blake
Joel Calendrillo
Joel Wasserman
John 'Cha Cha' Ciarcia
John Cazale
John Di Benedetto
John Gillespie
John Hoving
John Lithgow
John Manca
John Marley
John Martino
John Snowden
John Thurner
John Travolta
John Turk
John Warman
Johnathan Gorman
Johnny Williams
Jon Lee Brody
Jonathan Macchi
Jonathan Ryland
Jordan Stone
Jordon Hodges
Joseph Bono
Joseph D'Onofrio
Joseph Lazicki
Joseph Luis Caballero
Joseph Mazurk
Joseph Medaglia
Joseph Nelson
Joseph Oliveira
Joseph Pilato
Josh Chapman
Josh Stewart
Joshua Harto
Joshua Rollins
Julia Sweeney
Julie Garfield
Julie Gregg
Justin Mullins
K. Todd Freeman
Karen Maruyama
Katherine Wallach
Kathy Griffin
Keith Kupferer
Keith Szarabajka
Kelli Clevenger
Kelly Lee
Kelly Saindon
Ken Daly
Kevan Weber
Kevin Corrigan
Kevin Pitcairn
Kevin Pollak
Kevin Spacey
Kevin Zaideman
Krista McEnany
Kristian Van der Heyden
Laine Edwards
Lanny Lutz
Larry Silvestri
Lateef Lovejoy
Laura Chernicky
Laura Lovelace
Lawrence Bender
Lawrence Sacco
Leah Cairns
Lena Georgas
Lenny Montana
Leo
Libby Pedersen
Linda Carola
Linda E. Smith
Linda Kaye
Lisa Bostnar
Lisa Dapolito
Lisa Greene
Lisa McAllister
Lisa Wolf
LoNardo
Lorea Solabarrieta
Lorelei Leslie
Lori Pizzo
Lorna Gayle
Lorraine Bracco
Lou Martini Jr.
Louis Eppolito
Louis Guss
Louis Lombardi
Louis Perez
Lucas Lavoie
Luke Burnyeat
Luke Walter
Mackenzie Foy
Maggie Gyllenhaal
Manny Alfaro
Marc Radz
Margaret Smith
Margaux Guerard
Margo Winkler
Maria Herrera
Maria de Medeiros
Marianne Leone
Marie Michaels
Marisol Giraud
Maritza Cabrera
Mark Evan Jacobs
Mark Keiser
Marlon Brando
Marlon Sanders
Martin Ballantyne
Matt Cho
Matt Damon
Matt Rippy
Matt Shallenberger
Matthew Leitch
Matthew McConaughey
Matthew O'Neill
Matthew T. Gitkin
Matthew Vlahakis
Matthew W. Allen
Maverick Fortin
Max Brandt
Melinda McGraw
Melissa Prophet
Merril E. Joels
Michael Andrew Gorman
Michael Caine
Michael Calandrino
Michael Citriniti
Michael Corey Foster
Michael Gilden
Michael Imperioli
Michael Jai White
Michael Kuster
Michael McKay
Michael Sherwin
Michael Stoyanov
Michael Vieau
Michaelangelo Graziano
Michelle Clunie
Michelle Shields
Mike Bach
Mike Contessa
Mike Nyman
Mike Starr
Mike Whyte
Mikey Black
Monique Gabriela Curnen
Morgan Freeman
Morgan Hunter
Morgana King
Nadine Kay
Nancy Cassaro
Nancy Crane
Naomi Frenette
Natalie Hallam
Nathan Gamble
Nestor Carbonell
Nick Vallelonga
Nicky Katt
Nicole Burdette
Nigel Carrington
Nina Lauren
Nino Ruggeri
Noelle Lynn
Norm Bacchiocchi
Norman Barbera
Nydia Rodriguez Terracina
Obssa Ahmed
Olumiji Olawumi
Patrick Clear
Patrick Leahy
Paul Bartel
Paul Bateman
Paul Birchard
Paul Calderon
Paul Herman
Paul McIsaac
Paul Mougey
Paul Sorvino
Paula Kcira
Pek Pongpaet
Pete Postlethwaite
Peter Brooke
Peter Cicale
Peter DeFaria
Peter Fain
Peter Greene
Peter Hock
Peter Lemongello
Peter Onorati
Peter Rnic
Peter Rocca
Phil LaMarr
Philip Bulcock
Philip Suriano
Phillipe Simon
Quentin Tarantino
R. Michael Egan
Rachel Daugherty
Ramses Jimenez
Randy Jurgensen
Raphaël Laporte
Ray Liotta
Raymond Martino
Reese Foster
Rene Beard
Rhys Kirkman
Rich Turner
Richard Bright
Richard Conte
Richard Dillane
Richard Dioguardi
Richard Divizio
Richard Fass
Richard Goteri
Richard Mullally
Richard Rossi
Richard S. Castellano
Richard Strobel
Rick Petrucelli
Ritchie Coster
Rob Clark
Robbie Vinton
Robert Dahdah
Robert De Niro
Robert Duvall
Robert Patrick Stern
Robert Ruth
Robert Sedona
Robert Stone
Roger Monk
Roman Coppola
Ron Dean
Ron Gilbert
Ron Veto
Ronald Maccone
Ronan Summers
Rory Plante
Rosanna Arquette
Ruby Gaynor
Rudy Bond
Russ Fega
Russell Halley
Ryan Irving
Ryan Kross
Ryan McGonagle
Sal Ozbay
Sal Richards
Salvatore Corsitto
Sam Derence
Samuel L. Jackson
Sara Ritz
Sarah Jayne Dunn
Saro Urzì
Scott B. Morgan
Scott Ganyo
Sean Hynes
Sharlene Grover
Shirin Caiola
Simon Pelletier-Gilbert
Simonetta Stefanelli
Smadar Hanson
Sofia Coppola
Sofiya Smirnova
Sonia Maria Chirila
Sonny Grosso
Sophia Hinshelwood
Spencer Bradley
Stella Keitel
Stephen Armourae
Stephen Baldwin
Stephen Hibbert
Sterling Hayden
Steve Baker
Steve Buscemi
Steve Forleo
Susan Griffiths
Susan Varon
Suzanne Shepherd
Suzi Stingl
Suzy Amis
Sy Sher
Talia Shire
Tere Livrano
Thomas E. Camuti
Thomas Gaitsch
Thomas Hartmann
Thomas Hewson
Thomas Kosik
Thomas Lowry
Tim Glanfield
Tim Krueger
Tim Roth
Timothée Chalamet
Tina Simmons
Tinnie Tong
Tobin Bell
Tom McComas
Tom McElroy
Tom Rosqui
Tom Townsend
Tommy 'Tiny' Lister
Tommy Bartlett
Tommy Campbell
Tonic
Tony Conforti
Tony Darrow
Tony Domino
Tony Ellis
Tony Giorgio
Tony King
Tony Lip
Tony Sirico
Topher Grace
Tracy L. Aldaz
Tristan Tait
Troy Fyhn
Tybee Brascia
Uma Thurman
Venessia Valentino
Victor Colicchio
Victor Rendina
Vincent Gallo
Vincent Pastore
Vincent Riotta
Vincenzo Nicoli
Ving Rhames
Violet Gaynor
Vito Antuofermo
Vito Balsamo
Vito D'Ambrosio
Vito Picone
Vito Scotti
Vivek Shah
Wai Wong
Walter Lewis
Wayne Baker
Welker White
Wes Bentley
Will Jones
Will Zahrn
William Devane
William Dickinson
William Fichtner
William Patrick Brown
William Smillie
Winston Ellis
