409
Abe Vigoda
Abigaille Ozrey
Adam Cole
Adam Hart
Affan Tareen
Akira Akbar
Al Lettieri
Al Martino
Al Pacino
Alekxia Valdez
Alex Lombard
Alex Rocco
Alfonso Freeman
Algenis Perez Soto
Allan Kolman
Alonzo F. Jones
Alvaro Laborin
Amir Abdalla
Ana Ayora
Anderson Bourell
Andi Carnick
Andre Franco
Andrew Hoagland
Andrew Kevin Walker
Andrew Pleavin
Angela Nathenson
Angelo Infanti
Annette Bening
Anthony Gounaris
Anthony Molinari
Archie
Ardell Sheridan
Arthur Max
Auden L. Ophuls
Azari Akbar
Baron Jay
Barry Curtis
Ben Key
Ben Mendelsohn
Benicio Del Toro
Benjamin Riley
Bennie Moore
Bert Williams
Bethany Levy
Beverly Burke
Billy Bates
Bob Collins
Bob Elmore
Bob Mack
Bob Pennetta
Bob Stephenson
Brad Pitt
Brian Evers
Brian Tochi
Brie Larson
Bruce Holman
Burt Richards
Callie Rose Deets
Carl Bressler
Carl Ciarfalio
Carl Gilliard
Carmine Coppola
Carol Morley
Castulo Guerra
Cat Mueller
Chad Randau
Charles A. Tamburro
Charles Jarrell
Charles S. Dutton
Charlie Dell
Charline Su
Chazz Palminteri
Chris Anastasio
Chris Evans
Christie Cronenweth
Christina Cabot
Christine Estabrook
Christopher John Fields
Christopher McQuarrie
Chuck Riley
Chuku Modu
Cillian Murphy
Claire Geare
Clark Gregg
Colin Ford
Colin Smith
Connor Ryan
Conrad Yama
Coralie Dedykere
Corrado Gaipa
Damon O'Daniel
Dan Hedaya
Daniel Girondeaud
Daniel Zacapa
David Andrews
David Correia
David Jean Thomas
David Lee Smith
David Powledge
Diana Toshiko
Diane Keaton
Dierdre Downing-Jackson
Dileep Rao
Djimon Hounsou
Dominique Jennings
Don Cheadle
Don Costello
Duane Henry
Duffy Gaver
Earl Cameron
Ed Vantura
Eddie Hargitay
Eddy Rome
Edward Kowalczyk
Edward Norton
Eion Bailey
Ellen Page
Emily Ozrey
Emily Wagner
Endre Hules
Eugenie Bondurant
Evan Mirand
Ezra Buzzington
Felix Scott
Filomena Spagnuolo
Franco Citti
Frank Medrano
Frank Sivero
François-Marie Nivon
Gabriel Byrne
Gabriele Torrei
Gaige Chaturantabut
Garvin Cross
Gemma Chan
Gene Borkan
Gene Lythgow
George Christy
George Maguire
Gian-Carlo Coppola
Giancarlo Esposito
Gianni Russo
Gil De St. Jeor
Gonzo
Grace Sinden
Gray Frederickson
Greg Bronson
Gregory Fennell
Gregory Silva
Guy Iannacone
Gwyneth Paltrow
Gökhan Öncel
Harriet L. Ophuls
Harris Savides
Harrison White
Hawthorne James
Heidi Schanz
Helena Bonham Carter
Helena Cullinan
Holt McCallany
Hugh Peddy
Hélène Cardona
Italia Coppola
J.T. Pontino
Jack Gilroy
Jack Murray
Jack Shearer
Jacob Figueroa
Jaime H. Campos
James Caan
James Deeth
James Hatten
James Morrison
Jared Leto
Jason Tendell
Jawara
Jay Arthur
Jean-Christophe Leger
Jean-Michel Dagory
Jeannie Linero
Jill Maddrell
Jim Jenkins
Jimmy Dale Hartsell
Joe Lo Grippo
Joe Petrullo
Joe Spinell
Joel Bissonnette
Joey Courteau
John C. McGinley
John Cassini
John Cazale
John Ceallach
John Gettier
John Gillespie
John Lawson
John Marley
John Martino
John Santin
Johnathan Geare
Johnathan Gorman
Joon Kim
Joseph Gordon-Levitt
Joseph Medaglia
Jude Law
Julian Flynn
Julie Araskog
Julie Eagleton
Julie Gregg
Kelly Sue DeConnick
Ken Bahn
Ken Daly
Ken Watanabe
Kenneth Mitchell
Kevin M. Kelly
Kevin Pollak
Kevin Scott Mack
Kevin Spacey
Kraig Thornber
Lashana Lynch
Lauren Sanchez
Lee Pace
Leland Orser
Lennie Loftin
Lenny Montana
Leonard Termo
Leonardo DiCaprio
Leticia LaBelle
Lexie Bigham
Lisa Reynolds
London Fuller
Lou Beatty Jr.
Lou Martini Jr.
Louis Guss
Louis Lombardi
Louis Ortiz
Lukas Haas
Lyonetta Flowers
Magnus Nolan
Marc Cinquanta
Marc Raducci
Marcio Rosario
Marcus Everett
Marguerite Gioia Insolia
Marilyn Brett
Mario Di Donato
Marion Cotillard
Mark Boone Junior
Mark Daugherty
Mark Fite
Mark Fleischmann
Mark Ruffalo
Markus Redmond
Marlon Brando
Martin Serene
Matt Cinquanta
Matt Winston
Matthew 'Spider' Kimmel
Matthew Bellows
Matthew Maher
Matthew Vlahakis
Max Brandt
Mckenna Grace
Meat Loaf
Mel Powell
Merril E. Joels
Michael Arturo
Michael August
Michael Caine
Michael Gaston
Michael Girardin
Michael Massee
Michael McKay
Michael Reid MacKay
Michael Shamus Wiles
Michael Zagst
Michelle Clunie
Mike Nyman
Miranda Nolan
Mobin Khan
Morgan Freeman
Morgan Hunter
Morgana King
Natalie Goldwin
Natasha Beaumont
Nelson Franklin
Nettie Rose Freed
Nick Vallelonga
Nicolas Clerc
Nicole Pulliam
Nino Ruggeri
Norm Bacchiocchi
Norman Saleet
Owen Masterson
Pamala Tyson
Pat McNamara
Patrick Brennan
Patrick Gallagher
Paul Bartel
Paul Carafotes
Paul Dillon
Paul Eckstein
Pete Ploszek
Pete Postlethwaite
Peter Basham
Peter Crombie
Peter Greene
Peter Iacangelo
Peter Lemongello
Peter Rocca
Phil Hawn
Philip Centanni
Phillipe Simon
R. Lee Ermey
Rachel Flanagan
Rachel Singer
Randy Jurgensen
Raymond Martino
Reg E. Cathey
Reggie
Richard Bright
Richard Conte
Richard Fass
Richard Portnow
Richard Roundtree
Richard S. Castellano
Richard Schiff
Richard Zeringue
Richmond Arquette
Rick Petrucelli
Rizzo
Rob Lanza
Robby Robinson
Robert Dahdah
Robert Duvall
Robert Kazinsky
Roman Coppola
Ron Blair
Ron Gilbert
Ron Veto
Rudy Bond
Rufus Flowers
Rune Temte
Russ Fega
Ryan Hayward
Sal Richards
Salvatore Corsitto
Samuel L. Jackson
Sarah Reinhardt
Saro Urzì
Scarlett Johansson
Scotch Ellis Loring
Scott B. Morgan
Scott Pretty
Seong-hwan Jo
Seve Esposito
Shannon Welles
Shannon Wilcox
Sharon Blynn
Shelley Lang
Shunsaku Kudô
Silvie Laguna
Simonetta Stefanelli
Smadar Hanson
Sofia Coppola
Sonny Grosso
Stan Lee
Stanley Wong
Stephen 'Cajun' Del Bagno
Stephen A. Chang
Stephen Baldwin
Sterling Hayden
Stuart Blumberg
Summer Moore
Suzy Amis
Sydney 'Big Dawg' Colston
Tai-Li Lee
Talia Shire
Talulah Riley
Taylor Geare
Tere Livrano
Thom Gossom Jr.
Tim DeZarn
Tim Kelleher
Todd Peirce
Tohoru Masamune
Tom Berenger
Tom Falzone
Tom Hardy
Tom Rosqui
Tommy Dallace
Tony Giorgio
Tony King
Tony Lip
Trey Ore
Tudor Sherrard
Tybee Brascia
Tyrone R. Livingston
Valerie Bickford
Van Quattro
Victor Rendina
Vik Sahay
Vinny O'Brien
Virgile Bramly
Vito D'Ambrosio
Vito Scotti
William Davidson
Youlanda Davis
Yuji Okumoto
Zach Grenier
Zachary Christopher Fay
