86
Aaron Paul Jason Segel
Aaron Paul Shailene Woodley
Adam G. Sevani Raquel Welch
Adam G. Sevani Rebecca Ferguson
Al Pacino Emma Watson
Al Pacino Raquel Welch
Alexander Ludwig Cate Blanchett
Alona Tal Sam Worthington
Amanda Seyfried Rami Malek
Amy Adams Angelina Jolie
Amy Adams Anne Bancroft
Amy Adams Mila Kunis
Amy Poehler Emma Watson
Amy Poehler Lena Headey
Amy Smart Charlotte Rampling
Angelina Jolie Dennis Hopper
Angelina Jolie Florin Piersic
Angelina Jolie Jessica Chastain
Angelina Jolie Joseph Gordon-Levitt
Angelina Jolie Leslie Bibb
Angie Harmon Eva Mendes
Ann-Margret Taron Egerton
Anna Raadsveld Kaley Cuoco
Anne Bancroft Chris Pratt
Anne Hathaway David O'Hara
Brendan Gleeson Thomas Kretschmann
Cate Blanchett Christina Hendricks
Cate Blanchett Hayley Atwell
Charlotte Rampling Sam Worthington
Charlton Heston Emmy Rossum
Christina Hendricks Richard Widmark
Daniel Craig Ice Cube
David O'Hara Quentin Tarantino
David O'Hara Sarah Wayne Callies
Dougray Scott Jennifer Lawrence
Dougray Scott Peyton List
Drew Barrymore Emma Stone
Drew Barrymore Julianne Moore
Drew Barrymore Toni Collette
Elaine Collins Rebecca Harrell Tickell
Emilia Clarke Sienna Guillory
Emily Blunt Justin Timberlake
Emma Watson Fajah Lourens
Emmy Rossum John Leguizamo
Emmy Rossum Laura Antonelli
Emmy Rossum Nicolas Cage
Eva Mendes Henry Winkler
Eva Mendes Leonard Nimoy
Eva Mendes Lucy Hale
Eva Mendes Rebecca Harrell Tickell
Fajah Lourens Lee Pace
Fajah Lourens Ron Howard
George Takei Hayley Atwell
Hayley Atwell Justin Timberlake
Hayley Atwell Mickey Rourke
Hayley Atwell Seth MacFarlane
Hugh Jackman Justin Timberlake
Ice Cube Rebecca Ferguson
James Spader Richard Gere
Jamie Lee Curtis Lucy Hale
Jason Segel Rami Malek
Jean-Claude Van Damme Toni Collette
Jennifer Connelly Rebecca Harrell Tickell
Jennifer Lawrence Selma Blair
Jon Voight Julia Stiles
Jon Voight Will Smith
Julianne Moore Justin Timberlake
Kat Dennings Lucy Hale
Katie Holmes Tom Wilkinson
Laura Harring Lucy Hale
Laura Harring Megan Fox
Linda Fiorentino Nicolas Cage
Linda Fiorentino Tuba Büyüküstün
Linda Fiorentino Zooey Deschanel
Lisa Ulliel Tom Wilkinson
Liu Shishi Rami Malek
Lucy Hale Ryan Reynolds
Mark Hamill Shailene Woodley
Mel Gibson Rutger Hauer
Mel Gibson Taron Egerton
Naomi Watts Richard Gere
Paul Bettany Richard Widmark
Rebecca Harrell Tickell Salma Hayek
Richard Widmark Shia LaBeouf
Robert De Niro Shailene Woodley
Thomas Kretschmann Tom Wilkinson
